#-----------------------------------------------------------
# Vivado v2018.1 (64-bit)
# SW Build 2188600 on Wed Apr  4 18:39:19 MDT 2018
# IP Build 2185939 on Wed Apr  4 20:55:05 MDT 2018
# Start of session at: Sun Jul  3 22:06:18 2022
# Process ID: 4391
# Current directory: /media/nguyenvietthi/DATA/nam4/HTN/embedded_system_20212/fpga/smart_toilet_system_top
# Command line: vivado smart_toilet_system_top.xpr
# Log file: /media/nguyenvietthi/DATA/nam4/HTN/embedded_system_20212/fpga/smart_toilet_system_top/vivado.log
# Journal file: /media/nguyenvietthi/DATA/nam4/HTN/embedded_system_20212/fpga/smart_toilet_system_top/vivado.jou
#-----------------------------------------------------------
start_gui
open_project smart_toilet_system_top.xpr
update_compile_order -fileset sources_1
open_run impl_1
close_design
open_run synth_1 -name synth_1
launch_sdk -workspace /media/nguyenvietthi/DATA/nam4/HTN/embedded_system_20212/fpga/smart_toilet_system_top/smart_toilet_system_top.sdk -hwspec /media/nguyenvietthi/DATA/nam4/HTN/embedded_system_20212/fpga/smart_toilet_system_top/smart_toilet_system_top.sdk/design_1_wrapper.hdf
