14:28:46 **** Incremental Build of configuration Debug for project smart_toilet_system_sw ****
make pre-build main-build 
a9-linaro-pre-build-step
 
make: Nothing to be done for `main-build'.
14:30:26 **** Incremental Build of configuration Debug for project smart_toilet_system_sw ****
make pre-build main-build 
a9-linaro-pre-build-step
 
make: Nothing to be done for `main-build'.
14:39:40 **** Auto Build of configuration Debug for project smart_toilet_system_sw ****
make pre-build main-build 
a9-linaro-pre-build-step
 
Building file: ../src/sequence/smart_toilet_system_regs.c
Invoking: ARM v7 gcc compiler
arm-none-eabi-gcc -Wall -O0 -g3 -c -fmessage-length=0 -MT"src/sequence/smart_toilet_system_regs.o" -mcpu=cortex-a9 -mfpu=vfpv3 -mfloat-abi=hard -I../../smart_toilet_system_sw_bsp/ps7_cortexa9_0/include -MMD -MP -MF"src/sequence/smart_toilet_system_regs.d" -MT"src/sequence/smart_toilet_system_regs.o" -o "src/sequence/smart_toilet_system_regs.o" "../src/sequence/smart_toilet_system_regs.c"
Finished building: ../src/sequence/smart_toilet_system_regs.c
 
Building file: ../src/main.c
Invoking: ARM v7 gcc compiler
arm-none-eabi-gcc -Wall -O0 -g3 -c -fmessage-length=0 -MT"src/main.o" -mcpu=cortex-a9 -mfpu=vfpv3 -mfloat-abi=hard -I../../smart_toilet_system_sw_bsp/ps7_cortexa9_0/include -MMD -MP -MF"src/main.d" -MT"src/main.o" -o "src/main.o" "../src/main.c"
../src/main.c:127:13: warning: 'vTimerCallback' defined but not used [-Wunused-function]
 static void vTimerCallback( TimerHandle_t pxTimer )
             ^~~~~~~~~~~~~~
Finished building: ../src/main.c
 
Building target: smart_toilet_system_sw.elf
Invoking: ARM v7 gcc linker
arm-none-eabi-gcc -mcpu=cortex-a9 -mfpu=vfpv3 -mfloat-abi=hard -Wl,-build-id=none -specs=Xilinx.spec -Wl,-T -Wl,../src/lscript.ld -L../../smart_toilet_system_sw_bsp/ps7_cortexa9_0/lib -o "smart_toilet_system_sw.elf"  ./src/sequence/oled.o ./src/sequence/smart_toilet_system_regs.o  ./src/main.o   -Wl,--start-group,-lxil,-lfreertos,-lgcc,-lc,--end-group
Finished building target: smart_toilet_system_sw.elf
 
Invoking: ARM v7 Print Size
arm-none-eabi-size smart_toilet_system_sw.elf  |tee "smart_toilet_system_sw.elf.size"
   text	   data	    bss	    dec	    hex	filename
  90932	   4180	  89424	 184536	  2d0d8	smart_toilet_system_sw.elf
Finished building: smart_toilet_system_sw.elf.size
 
14:40:09 **** Auto Build of configuration Debug for project smart_toilet_system_sw ****
make pre-build main-build 
a9-linaro-pre-build-step
 
Building file: ../src/sequence/smart_toilet_system_regs.c
Invoking: ARM v7 gcc compiler
arm-none-eabi-gcc -Wall -O0 -g3 -c -fmessage-length=0 -MT"src/sequence/smart_toilet_system_regs.o" -mcpu=cortex-a9 -mfpu=vfpv3 -mfloat-abi=hard -I../../smart_toilet_system_sw_bsp/ps7_cortexa9_0/include -MMD -MP -MF"src/sequence/smart_toilet_system_regs.d" -MT"src/sequence/smart_toilet_system_regs.o" -o "src/sequence/smart_toilet_system_regs.o" "../src/sequence/smart_toilet_system_regs.c"
Finished building: ../src/sequence/smart_toilet_system_regs.c
 
Building file: ../src/main.c
Invoking: ARM v7 gcc compiler
arm-none-eabi-gcc -Wall -O0 -g3 -c -fmessage-length=0 -MT"src/main.o" -mcpu=cortex-a9 -mfpu=vfpv3 -mfloat-abi=hard -I../../smart_toilet_system_sw_bsp/ps7_cortexa9_0/include -MMD -MP -MF"src/main.d" -MT"src/main.o" -o "src/main.o" "../src/main.c"
../src/main.c:127:13: warning: 'vTimerCallback' defined but not used [-Wunused-function]
 static void vTimerCallback( TimerHandle_t pxTimer )
             ^~~~~~~~~~~~~~
Finished building: ../src/main.c
 
Building target: smart_toilet_system_sw.elf
Invoking: ARM v7 gcc linker
arm-none-eabi-gcc -mcpu=cortex-a9 -mfpu=vfpv3 -mfloat-abi=hard -Wl,-build-id=none -specs=Xilinx.spec -Wl,-T -Wl,../src/lscript.ld -L../../smart_toilet_system_sw_bsp/ps7_cortexa9_0/lib -o "smart_toilet_system_sw.elf"  ./src/sequence/oled.o ./src/sequence/smart_toilet_system_regs.o  ./src/main.o   -Wl,--start-group,-lxil,-lfreertos,-lgcc,-lc,--end-group
Finished building target: smart_toilet_system_sw.elf
 
Invoking: ARM v7 Print Size
arm-none-eabi-size smart_toilet_system_sw.elf  |tee "smart_toilet_system_sw.elf.size"
   text	   data	    bss	    dec	    hex	filename
  90932	   4180	  89424	 184536	  2d0d8	smart_toilet_system_sw.elf
Finished building: smart_toilet_system_sw.elf.size
 
14:40:52 **** Auto Build of configuration Debug for project smart_toilet_system_sw ****
make pre-build main-build 
a9-linaro-pre-build-step
 
Building file: ../src/sequence/smart_toilet_system_regs.c
Invoking: ARM v7 gcc compiler
arm-none-eabi-gcc -Wall -O0 -g3 -c -fmessage-length=0 -MT"src/sequence/smart_toilet_system_regs.o" -mcpu=cortex-a9 -mfpu=vfpv3 -mfloat-abi=hard -I../../smart_toilet_system_sw_bsp/ps7_cortexa9_0/include -MMD -MP -MF"src/sequence/smart_toilet_system_regs.d" -MT"src/sequence/smart_toilet_system_regs.o" -o "src/sequence/smart_toilet_system_regs.o" "../src/sequence/smart_toilet_system_regs.c"
Finished building: ../src/sequence/smart_toilet_system_regs.c
 
Building target: smart_toilet_system_sw.elf
Invoking: ARM v7 gcc linker
arm-none-eabi-gcc -mcpu=cortex-a9 -mfpu=vfpv3 -mfloat-abi=hard -Wl,-build-id=none -specs=Xilinx.spec -Wl,-T -Wl,../src/lscript.ld -L../../smart_toilet_system_sw_bsp/ps7_cortexa9_0/lib -o "smart_toilet_system_sw.elf"  ./src/sequence/oled.o ./src/sequence/smart_toilet_system_regs.o  ./src/main.o   -Wl,--start-group,-lxil,-lfreertos,-lgcc,-lc,--end-group
Finished building target: smart_toilet_system_sw.elf
 
Invoking: ARM v7 Print Size
arm-none-eabi-size smart_toilet_system_sw.elf  |tee "smart_toilet_system_sw.elf.size"
   text	   data	    bss	    dec	    hex	filename
  90932	   4180	  89424	 184536	  2d0d8	smart_toilet_system_sw.elf
Finished building: smart_toilet_system_sw.elf.size
 
14:41:06 **** Auto Build of configuration Debug for project smart_toilet_system_sw ****
make pre-build main-build 
a9-linaro-pre-build-step
 
Building file: ../src/main.c
Invoking: ARM v7 gcc compiler
arm-none-eabi-gcc -Wall -O0 -g3 -c -fmessage-length=0 -MT"src/main.o" -mcpu=cortex-a9 -mfpu=vfpv3 -mfloat-abi=hard -I../../smart_toilet_system_sw_bsp/ps7_cortexa9_0/include -MMD -MP -MF"src/main.d" -MT"src/main.o" -o "src/main.o" "../src/main.c"
../src/main.c: In function 'prvTxTask':
../src/main.c:87:14: warning: the address of 'stt_discharge_get' will always evaluate as 'true' [-Waddress]
   } else if (stt_discharge_get){
              ^~~~~~~~~~~~~~~~~
At top level:
../src/main.c:127:13: warning: 'vTimerCallback' defined but not used [-Wunused-function]
 static void vTimerCallback( TimerHandle_t pxTimer )
             ^~~~~~~~~~~~~~
Finished building: ../src/main.c
 
Building target: smart_toilet_system_sw.elf
Invoking: ARM v7 gcc linker
arm-none-eabi-gcc -mcpu=cortex-a9 -mfpu=vfpv3 -mfloat-abi=hard -Wl,-build-id=none -specs=Xilinx.spec -Wl,-T -Wl,../src/lscript.ld -L../../smart_toilet_system_sw_bsp/ps7_cortexa9_0/lib -o "smart_toilet_system_sw.elf"  ./src/sequence/oled.o ./src/sequence/smart_toilet_system_regs.o  ./src/main.o   -Wl,--start-group,-lxil,-lfreertos,-lgcc,-lc,--end-group
Finished building target: smart_toilet_system_sw.elf
 
Invoking: ARM v7 Print Size
arm-none-eabi-size smart_toilet_system_sw.elf  |tee "smart_toilet_system_sw.elf.size"
   text	   data	    bss	    dec	    hex	filename
  90932	   4180	  89424	 184536	  2d0d8	smart_toilet_system_sw.elf
Finished building: smart_toilet_system_sw.elf.size
 
14:41:08 **** Auto Build of configuration Debug for project smart_toilet_system_sw ****
make pre-build main-build 
a9-linaro-pre-build-step
 
Building file: ../src/main.c
Invoking: ARM v7 gcc compiler
arm-none-eabi-gcc -Wall -O0 -g3 -c -fmessage-length=0 -MT"src/main.o" -mcpu=cortex-a9 -mfpu=vfpv3 -mfloat-abi=hard -I../../smart_toilet_system_sw_bsp/ps7_cortexa9_0/include -MMD -MP -MF"src/main.d" -MT"src/main.o" -o "src/main.o" "../src/main.c"
../src/main.c:127:13: warning: 'vTimerCallback' defined but not used [-Wunused-function]
 static void vTimerCallback( TimerHandle_t pxTimer )
             ^~~~~~~~~~~~~~
Finished building: ../src/main.c
 
Building target: smart_toilet_system_sw.elf
Invoking: ARM v7 gcc linker
arm-none-eabi-gcc -mcpu=cortex-a9 -mfpu=vfpv3 -mfloat-abi=hard -Wl,-build-id=none -specs=Xilinx.spec -Wl,-T -Wl,../src/lscript.ld -L../../smart_toilet_system_sw_bsp/ps7_cortexa9_0/lib -o "smart_toilet_system_sw.elf"  ./src/sequence/oled.o ./src/sequence/smart_toilet_system_regs.o  ./src/main.o   -Wl,--start-group,-lxil,-lfreertos,-lgcc,-lc,--end-group
Finished building target: smart_toilet_system_sw.elf
 
Invoking: ARM v7 Print Size
arm-none-eabi-size smart_toilet_system_sw.elf  |tee "smart_toilet_system_sw.elf.size"
   text	   data	    bss	    dec	    hex	filename
  90996	   4180	  89424	 184600	  2d118	smart_toilet_system_sw.elf
Finished building: smart_toilet_system_sw.elf.size
 
14:41:10 **** Incremental Build of configuration Debug for project smart_toilet_system_sw ****
make pre-build main-build 
a9-linaro-pre-build-step
 
make: Nothing to be done for `main-build'.
14:53:18 **** Auto Build of configuration Debug for project smart_toilet_system_sw ****
make pre-build main-build 
a9-linaro-pre-build-step
 
Building file: ../src/main.c
Invoking: ARM v7 gcc compiler
arm-none-eabi-gcc -Wall -O0 -g3 -c -fmessage-length=0 -MT"src/main.o" -mcpu=cortex-a9 -mfpu=vfpv3 -mfloat-abi=hard -I../../smart_toilet_system_sw_bsp/ps7_cortexa9_0/include -MMD -MP -MF"src/main.d" -MT"src/main.o" -o "src/main.o" "../src/main.c"
../src/main.c:124:13: warning: 'vTimerCallback' defined but not used [-Wunused-function]
 static void vTimerCallback( TimerHandle_t pxTimer )
             ^~~~~~~~~~~~~~
Finished building: ../src/main.c
 
Building target: smart_toilet_system_sw.elf
Invoking: ARM v7 gcc linker
arm-none-eabi-gcc -mcpu=cortex-a9 -mfpu=vfpv3 -mfloat-abi=hard -Wl,-build-id=none -specs=Xilinx.spec -Wl,-T -Wl,../src/lscript.ld -L../../smart_toilet_system_sw_bsp/ps7_cortexa9_0/lib -o "smart_toilet_system_sw.elf"  ./src/sequence/oled.o ./src/sequence/smart_toilet_system_regs.o  ./src/main.o   -Wl,--start-group,-lxil,-lfreertos,-lgcc,-lc,--end-group
Finished building target: smart_toilet_system_sw.elf
 
Invoking: ARM v7 Print Size
arm-none-eabi-size smart_toilet_system_sw.elf  |tee "smart_toilet_system_sw.elf.size"
   text	   data	    bss	    dec	    hex	filename
  90996	   4180	  89424	 184600	  2d118	smart_toilet_system_sw.elf
Finished building: smart_toilet_system_sw.elf.size
 
14:54:08 **** Auto Build of configuration Debug for project smart_toilet_system_sw ****
make pre-build main-build 
a9-linaro-pre-build-step
 
Building file: ../src/main.c
Invoking: ARM v7 gcc compiler
arm-none-eabi-gcc -Wall -O0 -g3 -c -fmessage-length=0 -MT"src/main.o" -mcpu=cortex-a9 -mfpu=vfpv3 -mfloat-abi=hard -I../../smart_toilet_system_sw_bsp/ps7_cortexa9_0/include -MMD -MP -MF"src/main.d" -MT"src/main.o" -o "src/main.o" "../src/main.c"
../src/main.c:124:13: warning: 'vTimerCallback' defined but not used [-Wunused-function]
 static void vTimerCallback( TimerHandle_t pxTimer )
             ^~~~~~~~~~~~~~
Finished building: ../src/main.c
 
Building target: smart_toilet_system_sw.elf
Invoking: ARM v7 gcc linker
arm-none-eabi-gcc -mcpu=cortex-a9 -mfpu=vfpv3 -mfloat-abi=hard -Wl,-build-id=none -specs=Xilinx.spec -Wl,-T -Wl,../src/lscript.ld -L../../smart_toilet_system_sw_bsp/ps7_cortexa9_0/lib -o "smart_toilet_system_sw.elf"  ./src/sequence/oled.o ./src/sequence/smart_toilet_system_regs.o  ./src/main.o   -Wl,--start-group,-lxil,-lfreertos,-lgcc,-lc,--end-group
Finished building target: smart_toilet_system_sw.elf
 
Invoking: ARM v7 Print Size
arm-none-eabi-size smart_toilet_system_sw.elf  |tee "smart_toilet_system_sw.elf.size"
   text	   data	    bss	    dec	    hex	filename
  90996	   4180	  89424	 184600	  2d118	smart_toilet_system_sw.elf
Finished building: smart_toilet_system_sw.elf.size
 
14:54:18 **** Auto Build of configuration Debug for project smart_toilet_system_sw ****
make pre-build main-build 
a9-linaro-pre-build-step
 
Building file: ../src/main.c
Invoking: ARM v7 gcc compiler
arm-none-eabi-gcc -Wall -O0 -g3 -c -fmessage-length=0 -MT"src/main.o" -mcpu=cortex-a9 -mfpu=vfpv3 -mfloat-abi=hard -I../../smart_toilet_system_sw_bsp/ps7_cortexa9_0/include -MMD -MP -MF"src/main.d" -MT"src/main.o" -o "src/main.o" "../src/main.c"
../src/main.c: In function 'prvRxTask':
../src/main.c:108:2: error: expected '=', ',', ';', 'asm' or '__attribute__' before 'const'
  const TickType_t x1second = pdMS_TO_TICKS( 500UL );
  ^~~~~
At top level:
../src/main.c:125:13: warning: 'vTimerCallback' defined but not used [-Wunused-function]
 static void vTimerCallback( TimerHandle_t pxTimer )
             ^~~~~~~~~~~~~~
make: *** [src/main.o] Error 1
14:54:20 **** Auto Build of configuration Debug for project smart_toilet_system_sw ****
make pre-build main-build 
a9-linaro-pre-build-step
 
Building file: ../src/main.c
Invoking: ARM v7 gcc compiler
arm-none-eabi-gcc -Wall -O0 -g3 -c -fmessage-length=0 -MT"src/main.o" -mcpu=cortex-a9 -mfpu=vfpv3 -mfloat-abi=hard -I../../smart_toilet_system_sw_bsp/ps7_cortexa9_0/include -MMD -MP -MF"src/main.d" -MT"src/main.o" -o "src/main.o" "../src/main.c"
../src/main.c: In function 'prvRxTask':
../src/main.c:107:6: warning: unused variable 'temp' [-Wunused-variable]
  u32 temp;
      ^~~~
At top level:
../src/main.c:125:13: warning: 'vTimerCallback' defined but not used [-Wunused-function]
 static void vTimerCallback( TimerHandle_t pxTimer )
             ^~~~~~~~~~~~~~
Finished building: ../src/main.c
 
Building target: smart_toilet_system_sw.elf
Invoking: ARM v7 gcc linker
arm-none-eabi-gcc -mcpu=cortex-a9 -mfpu=vfpv3 -mfloat-abi=hard -Wl,-build-id=none -specs=Xilinx.spec -Wl,-T -Wl,../src/lscript.ld -L../../smart_toilet_system_sw_bsp/ps7_cortexa9_0/lib -o "smart_toilet_system_sw.elf"  ./src/sequence/oled.o ./src/sequence/smart_toilet_system_regs.o  ./src/main.o   -Wl,--start-group,-lxil,-lfreertos,-lgcc,-lc,--end-group
Finished building target: smart_toilet_system_sw.elf
 
Invoking: ARM v7 Print Size
arm-none-eabi-size smart_toilet_system_sw.elf  |tee "smart_toilet_system_sw.elf.size"
   text	   data	    bss	    dec	    hex	filename
  90996	   4180	  89424	 184600	  2d118	smart_toilet_system_sw.elf
Finished building: smart_toilet_system_sw.elf.size
 
14:54:24 **** Auto Build of configuration Debug for project smart_toilet_system_sw ****
make pre-build main-build 
a9-linaro-pre-build-step
 
Building file: ../src/main.c
Invoking: ARM v7 gcc compiler
arm-none-eabi-gcc -Wall -O0 -g3 -c -fmessage-length=0 -MT"src/main.o" -mcpu=cortex-a9 -mfpu=vfpv3 -mfloat-abi=hard -I../../smart_toilet_system_sw_bsp/ps7_cortexa9_0/include -MMD -MP -MF"src/main.d" -MT"src/main.o" -o "src/main.o" "../src/main.c"
../src/main.c:124:13: warning: 'vTimerCallback' defined but not used [-Wunused-function]
 static void vTimerCallback( TimerHandle_t pxTimer )
             ^~~~~~~~~~~~~~
Finished building: ../src/main.c
 
Building target: smart_toilet_system_sw.elf
Invoking: ARM v7 gcc linker
arm-none-eabi-gcc -mcpu=cortex-a9 -mfpu=vfpv3 -mfloat-abi=hard -Wl,-build-id=none -specs=Xilinx.spec -Wl,-T -Wl,../src/lscript.ld -L../../smart_toilet_system_sw_bsp/ps7_cortexa9_0/lib -o "smart_toilet_system_sw.elf"  ./src/sequence/oled.o ./src/sequence/smart_toilet_system_regs.o  ./src/main.o   -Wl,--start-group,-lxil,-lfreertos,-lgcc,-lc,--end-group
Finished building target: smart_toilet_system_sw.elf
 
Invoking: ARM v7 Print Size
arm-none-eabi-size smart_toilet_system_sw.elf  |tee "smart_toilet_system_sw.elf.size"
   text	   data	    bss	    dec	    hex	filename
  90996	   4180	  89424	 184600	  2d118	smart_toilet_system_sw.elf
Finished building: smart_toilet_system_sw.elf.size
 
14:54:29 **** Auto Build of configuration Debug for project smart_toilet_system_sw ****
make pre-build main-build 
a9-linaro-pre-build-step
 
Building file: ../src/main.c
Invoking: ARM v7 gcc compiler
arm-none-eabi-gcc -Wall -O0 -g3 -c -fmessage-length=0 -MT"src/main.o" -mcpu=cortex-a9 -mfpu=vfpv3 -mfloat-abi=hard -I../../smart_toilet_system_sw_bsp/ps7_cortexa9_0/include -MMD -MP -MF"src/main.d" -MT"src/main.o" -o "src/main.o" "../src/main.c"
../src/main.c:123:13: warning: 'vTimerCallback' defined but not used [-Wunused-function]
 static void vTimerCallback( TimerHandle_t pxTimer )
             ^~~~~~~~~~~~~~
Finished building: ../src/main.c
 
Building target: smart_toilet_system_sw.elf
Invoking: ARM v7 gcc linker
arm-none-eabi-gcc -mcpu=cortex-a9 -mfpu=vfpv3 -mfloat-abi=hard -Wl,-build-id=none -specs=Xilinx.spec -Wl,-T -Wl,../src/lscript.ld -L../../smart_toilet_system_sw_bsp/ps7_cortexa9_0/lib -o "smart_toilet_system_sw.elf"  ./src/sequence/oled.o ./src/sequence/smart_toilet_system_regs.o  ./src/main.o   -Wl,--start-group,-lxil,-lfreertos,-lgcc,-lc,--end-group
Finished building target: smart_toilet_system_sw.elf
 
Invoking: ARM v7 Print Size
arm-none-eabi-size smart_toilet_system_sw.elf  |tee "smart_toilet_system_sw.elf.size"
   text	   data	    bss	    dec	    hex	filename
  90996	   4180	  89424	 184600	  2d118	smart_toilet_system_sw.elf
Finished building: smart_toilet_system_sw.elf.size
 
14:54:30 **** Incremental Build of configuration Debug for project smart_toilet_system_sw ****
make pre-build main-build 
a9-linaro-pre-build-step
 
make: Nothing to be done for `main-build'.
14:55:01 **** Auto Build of configuration Debug for project smart_toilet_system_sw ****
make pre-build main-build 
a9-linaro-pre-build-step
 
Building file: ../src/main.c
Invoking: ARM v7 gcc compiler
arm-none-eabi-gcc -Wall -O0 -g3 -c -fmessage-length=0 -MT"src/main.o" -mcpu=cortex-a9 -mfpu=vfpv3 -mfloat-abi=hard -I../../smart_toilet_system_sw_bsp/ps7_cortexa9_0/include -MMD -MP -MF"src/main.d" -MT"src/main.o" -o "src/main.o" "../src/main.c"
../src/main.c:124:13: warning: 'vTimerCallback' defined but not used [-Wunused-function]
 static void vTimerCallback( TimerHandle_t pxTimer )
             ^~~~~~~~~~~~~~
Finished building: ../src/main.c
 
Building target: smart_toilet_system_sw.elf
Invoking: ARM v7 gcc linker
arm-none-eabi-gcc -mcpu=cortex-a9 -mfpu=vfpv3 -mfloat-abi=hard -Wl,-build-id=none -specs=Xilinx.spec -Wl,-T -Wl,../src/lscript.ld -L../../smart_toilet_system_sw_bsp/ps7_cortexa9_0/lib -o "smart_toilet_system_sw.elf"  ./src/sequence/oled.o ./src/sequence/smart_toilet_system_regs.o  ./src/main.o   -Wl,--start-group,-lxil,-lfreertos,-lgcc,-lc,--end-group
Finished building target: smart_toilet_system_sw.elf
 
Invoking: ARM v7 Print Size
arm-none-eabi-size smart_toilet_system_sw.elf  |tee "smart_toilet_system_sw.elf.size"
   text	   data	    bss	    dec	    hex	filename
  91060	   4180	  89440	 184680	  2d168	smart_toilet_system_sw.elf
Finished building: smart_toilet_system_sw.elf.size
 
14:55:22 **** Auto Build of configuration Debug for project smart_toilet_system_sw ****
make pre-build main-build 
a9-linaro-pre-build-step
 
Building file: ../src/main.c
Invoking: ARM v7 gcc compiler
arm-none-eabi-gcc -Wall -O0 -g3 -c -fmessage-length=0 -MT"src/main.o" -mcpu=cortex-a9 -mfpu=vfpv3 -mfloat-abi=hard -I../../smart_toilet_system_sw_bsp/ps7_cortexa9_0/include -MMD -MP -MF"src/main.d" -MT"src/main.o" -o "src/main.o" "../src/main.c"
../src/main.c:125:13: warning: 'vTimerCallback' defined but not used [-Wunused-function]
 static void vTimerCallback( TimerHandle_t pxTimer )
             ^~~~~~~~~~~~~~
Finished building: ../src/main.c
 
Building target: smart_toilet_system_sw.elf
Invoking: ARM v7 gcc linker
arm-none-eabi-gcc -mcpu=cortex-a9 -mfpu=vfpv3 -mfloat-abi=hard -Wl,-build-id=none -specs=Xilinx.spec -Wl,-T -Wl,../src/lscript.ld -L../../smart_toilet_system_sw_bsp/ps7_cortexa9_0/lib -o "smart_toilet_system_sw.elf"  ./src/sequence/oled.o ./src/sequence/smart_toilet_system_regs.o  ./src/main.o   -Wl,--start-group,-lxil,-lfreertos,-lgcc,-lc,--end-group
Finished building target: smart_toilet_system_sw.elf
 
Invoking: ARM v7 Print Size
arm-none-eabi-size smart_toilet_system_sw.elf  |tee "smart_toilet_system_sw.elf.size"
   text	   data	    bss	    dec	    hex	filename
  91060	   4180	  89440	 184680	  2d168	smart_toilet_system_sw.elf
Finished building: smart_toilet_system_sw.elf.size
 
14:55:28 **** Auto Build of configuration Debug for project smart_toilet_system_sw ****
make pre-build main-build 
a9-linaro-pre-build-step
 
Building file: ../src/main.c
Invoking: ARM v7 gcc compiler
arm-none-eabi-gcc -Wall -O0 -g3 -c -fmessage-length=0 -MT"src/main.o" -mcpu=cortex-a9 -mfpu=vfpv3 -mfloat-abi=hard -I../../smart_toilet_system_sw_bsp/ps7_cortexa9_0/include -MMD -MP -MF"src/main.d" -MT"src/main.o" -o "src/main.o" "../src/main.c"
../src/main.c:125:13: warning: 'vTimerCallback' defined but not used [-Wunused-function]
 static void vTimerCallback( TimerHandle_t pxTimer )
             ^~~~~~~~~~~~~~
Finished building: ../src/main.c
 
Building target: smart_toilet_system_sw.elf
Invoking: ARM v7 gcc linker
arm-none-eabi-gcc -mcpu=cortex-a9 -mfpu=vfpv3 -mfloat-abi=hard -Wl,-build-id=none -specs=Xilinx.spec -Wl,-T -Wl,../src/lscript.ld -L../../smart_toilet_system_sw_bsp/ps7_cortexa9_0/lib -o "smart_toilet_system_sw.elf"  ./src/sequence/oled.o ./src/sequence/smart_toilet_system_regs.o  ./src/main.o   -Wl,--start-group,-lxil,-lfreertos,-lgcc,-lc,--end-group
Finished building target: smart_toilet_system_sw.elf
 
Invoking: ARM v7 Print Size
arm-none-eabi-size smart_toilet_system_sw.elf  |tee "smart_toilet_system_sw.elf.size"
   text	   data	    bss	    dec	    hex	filename
  91060	   4180	  89440	 184680	  2d168	smart_toilet_system_sw.elf
Finished building: smart_toilet_system_sw.elf.size
 
14:55:32 **** Auto Build of configuration Debug for project smart_toilet_system_sw ****
make pre-build main-build 
a9-linaro-pre-build-step
 
Building file: ../src/main.c
Invoking: ARM v7 gcc compiler
arm-none-eabi-gcc -Wall -O0 -g3 -c -fmessage-length=0 -MT"src/main.o" -mcpu=cortex-a9 -mfpu=vfpv3 -mfloat-abi=hard -I../../smart_toilet_system_sw_bsp/ps7_cortexa9_0/include -MMD -MP -MF"src/main.d" -MT"src/main.o" -o "src/main.o" "../src/main.c"
../src/main.c:125:13: warning: 'vTimerCallback' defined but not used [-Wunused-function]
 static void vTimerCallback( TimerHandle_t pxTimer )
             ^~~~~~~~~~~~~~
Finished building: ../src/main.c
 
Building target: smart_toilet_system_sw.elf
Invoking: ARM v7 gcc linker
arm-none-eabi-gcc -mcpu=cortex-a9 -mfpu=vfpv3 -mfloat-abi=hard -Wl,-build-id=none -specs=Xilinx.spec -Wl,-T -Wl,../src/lscript.ld -L../../smart_toilet_system_sw_bsp/ps7_cortexa9_0/lib -o "smart_toilet_system_sw.elf"  ./src/sequence/oled.o ./src/sequence/smart_toilet_system_regs.o  ./src/main.o   -Wl,--start-group,-lxil,-lfreertos,-lgcc,-lc,--end-group
Finished building target: smart_toilet_system_sw.elf
 
Invoking: ARM v7 Print Size
arm-none-eabi-size smart_toilet_system_sw.elf  |tee "smart_toilet_system_sw.elf.size"
   text	   data	    bss	    dec	    hex	filename
  91060	   4180	  89440	 184680	  2d168	smart_toilet_system_sw.elf
Finished building: smart_toilet_system_sw.elf.size
 
14:55:33 **** Incremental Build of configuration Debug for project smart_toilet_system_sw ****
make pre-build main-build 
a9-linaro-pre-build-step
 
make: Nothing to be done for `main-build'.
14:56:11 **** Auto Build of configuration Debug for project smart_toilet_system_sw ****
make pre-build main-build 
a9-linaro-pre-build-step
 
Building file: ../src/main.c
Invoking: ARM v7 gcc compiler
arm-none-eabi-gcc -Wall -O0 -g3 -c -fmessage-length=0 -MT"src/main.o" -mcpu=cortex-a9 -mfpu=vfpv3 -mfloat-abi=hard -I../../smart_toilet_system_sw_bsp/ps7_cortexa9_0/include -MMD -MP -MF"src/main.d" -MT"src/main.o" -o "src/main.o" "../src/main.c"
../src/main.c:124:13: warning: 'vTimerCallback' defined but not used [-Wunused-function]
 static void vTimerCallback( TimerHandle_t pxTimer )
             ^~~~~~~~~~~~~~
Finished building: ../src/main.c
 
Building target: smart_toilet_system_sw.elf
Invoking: ARM v7 gcc linker
arm-none-eabi-gcc -mcpu=cortex-a9 -mfpu=vfpv3 -mfloat-abi=hard -Wl,-build-id=none -specs=Xilinx.spec -Wl,-T -Wl,../src/lscript.ld -L../../smart_toilet_system_sw_bsp/ps7_cortexa9_0/lib -o "smart_toilet_system_sw.elf"  ./src/sequence/oled.o ./src/sequence/smart_toilet_system_regs.o  ./src/main.o   -Wl,--start-group,-lxil,-lfreertos,-lgcc,-lc,--end-group
Finished building target: smart_toilet_system_sw.elf
 
Invoking: ARM v7 Print Size
arm-none-eabi-size smart_toilet_system_sw.elf  |tee "smart_toilet_system_sw.elf.size"
   text	   data	    bss	    dec	    hex	filename
  91060	   4180	  89440	 184680	  2d168	smart_toilet_system_sw.elf
Finished building: smart_toilet_system_sw.elf.size
 
14:56:20 **** Auto Build of configuration Debug for project smart_toilet_system_sw ****
make pre-build main-build 
a9-linaro-pre-build-step
 
Building file: ../src/main.c
Invoking: ARM v7 gcc compiler
arm-none-eabi-gcc -Wall -O0 -g3 -c -fmessage-length=0 -MT"src/main.o" -mcpu=cortex-a9 -mfpu=vfpv3 -mfloat-abi=hard -I../../smart_toilet_system_sw_bsp/ps7_cortexa9_0/include -MMD -MP -MF"src/main.d" -MT"src/main.o" -o "src/main.o" "../src/main.c"
../src/main.c:123:13: warning: 'vTimerCallback' defined but not used [-Wunused-function]
 static void vTimerCallback( TimerHandle_t pxTimer )
             ^~~~~~~~~~~~~~
Finished building: ../src/main.c
 
Building target: smart_toilet_system_sw.elf
Invoking: ARM v7 gcc linker
arm-none-eabi-gcc -mcpu=cortex-a9 -mfpu=vfpv3 -mfloat-abi=hard -Wl,-build-id=none -specs=Xilinx.spec -Wl,-T -Wl,../src/lscript.ld -L../../smart_toilet_system_sw_bsp/ps7_cortexa9_0/lib -o "smart_toilet_system_sw.elf"  ./src/sequence/oled.o ./src/sequence/smart_toilet_system_regs.o  ./src/main.o   -Wl,--start-group,-lxil,-lfreertos,-lgcc,-lc,--end-group
Finished building target: smart_toilet_system_sw.elf
 
Invoking: ARM v7 Print Size
arm-none-eabi-size smart_toilet_system_sw.elf  |tee "smart_toilet_system_sw.elf.size"
   text	   data	    bss	    dec	    hex	filename
  91060	   4180	  89440	 184680	  2d168	smart_toilet_system_sw.elf
Finished building: smart_toilet_system_sw.elf.size
 
14:56:52 **** Auto Build of configuration Debug for project smart_toilet_system_sw ****
make pre-build main-build 
a9-linaro-pre-build-step
 
Building file: ../src/main.c
Invoking: ARM v7 gcc compiler
arm-none-eabi-gcc -Wall -O0 -g3 -c -fmessage-length=0 -MT"src/main.o" -mcpu=cortex-a9 -mfpu=vfpv3 -mfloat-abi=hard -I../../smart_toilet_system_sw_bsp/ps7_cortexa9_0/include -MMD -MP -MF"src/main.d" -MT"src/main.o" -o "src/main.o" "../src/main.c"
../src/main.c:123:13: warning: 'vTimerCallback' defined but not used [-Wunused-function]
 static void vTimerCallback( TimerHandle_t pxTimer )
             ^~~~~~~~~~~~~~
Finished building: ../src/main.c
 
Building target: smart_toilet_system_sw.elf
Invoking: ARM v7 gcc linker
arm-none-eabi-gcc -mcpu=cortex-a9 -mfpu=vfpv3 -mfloat-abi=hard -Wl,-build-id=none -specs=Xilinx.spec -Wl,-T -Wl,../src/lscript.ld -L../../smart_toilet_system_sw_bsp/ps7_cortexa9_0/lib -o "smart_toilet_system_sw.elf"  ./src/sequence/oled.o ./src/sequence/smart_toilet_system_regs.o  ./src/main.o   -Wl,--start-group,-lxil,-lfreertos,-lgcc,-lc,--end-group
Finished building target: smart_toilet_system_sw.elf
 
Invoking: ARM v7 Print Size
arm-none-eabi-size smart_toilet_system_sw.elf  |tee "smart_toilet_system_sw.elf.size"
   text	   data	    bss	    dec	    hex	filename
  91060	   4180	  89440	 184680	  2d168	smart_toilet_system_sw.elf
Finished building: smart_toilet_system_sw.elf.size
 
14:56:53 **** Incremental Build of configuration Debug for project smart_toilet_system_sw ****
make pre-build main-build 
a9-linaro-pre-build-step
 
make: Nothing to be done for `main-build'.
14:57:26 **** Auto Build of configuration Debug for project smart_toilet_system_sw ****
make pre-build main-build 
a9-linaro-pre-build-step
 
Building file: ../src/main.c
Invoking: ARM v7 gcc compiler
arm-none-eabi-gcc -Wall -O0 -g3 -c -fmessage-length=0 -MT"src/main.o" -mcpu=cortex-a9 -mfpu=vfpv3 -mfloat-abi=hard -I../../smart_toilet_system_sw_bsp/ps7_cortexa9_0/include -MMD -MP -MF"src/main.d" -MT"src/main.o" -o "src/main.o" "../src/main.c"
../src/main.c:123:13: warning: 'vTimerCallback' defined but not used [-Wunused-function]
 static void vTimerCallback( TimerHandle_t pxTimer )
             ^~~~~~~~~~~~~~
Finished building: ../src/main.c
 
Building target: smart_toilet_system_sw.elf
Invoking: ARM v7 gcc linker
arm-none-eabi-gcc -mcpu=cortex-a9 -mfpu=vfpv3 -mfloat-abi=hard -Wl,-build-id=none -specs=Xilinx.spec -Wl,-T -Wl,../src/lscript.ld -L../../smart_toilet_system_sw_bsp/ps7_cortexa9_0/lib -o "smart_toilet_system_sw.elf"  ./src/sequence/oled.o ./src/sequence/smart_toilet_system_regs.o  ./src/main.o   -Wl,--start-group,-lxil,-lfreertos,-lgcc,-lc,--end-group
Finished building target: smart_toilet_system_sw.elf
 
Invoking: ARM v7 Print Size
arm-none-eabi-size smart_toilet_system_sw.elf  |tee "smart_toilet_system_sw.elf.size"
   text	   data	    bss	    dec	    hex	filename
  90996	   4180	  89440	 184616	  2d128	smart_toilet_system_sw.elf
Finished building: smart_toilet_system_sw.elf.size
 
14:57:30 **** Incremental Build of configuration Debug for project smart_toilet_system_sw ****
make pre-build main-build 
a9-linaro-pre-build-step
 
make: Nothing to be done for `main-build'.
14:57:54 **** Auto Build of configuration Debug for project smart_toilet_system_sw ****
make pre-build main-build 
a9-linaro-pre-build-step
 
Building file: ../src/main.c
Invoking: ARM v7 gcc compiler
arm-none-eabi-gcc -Wall -O0 -g3 -c -fmessage-length=0 -MT"src/main.o" -mcpu=cortex-a9 -mfpu=vfpv3 -mfloat-abi=hard -I../../smart_toilet_system_sw_bsp/ps7_cortexa9_0/include -MMD -MP -MF"src/main.d" -MT"src/main.o" -o "src/main.o" "../src/main.c"
../src/main.c: In function 'prvRxTask':
../src/main.c:109:19: warning: unused variable 'x1second' [-Wunused-variable]
  const TickType_t x1second = pdMS_TO_TICKS( 500UL );
                   ^~~~~~~~
At top level:
../src/main.c:123:13: warning: 'vTimerCallback' defined but not used [-Wunused-function]
 static void vTimerCallback( TimerHandle_t pxTimer )
             ^~~~~~~~~~~~~~
Finished building: ../src/main.c
 
Building target: smart_toilet_system_sw.elf
Invoking: ARM v7 gcc linker
arm-none-eabi-gcc -mcpu=cortex-a9 -mfpu=vfpv3 -mfloat-abi=hard -Wl,-build-id=none -specs=Xilinx.spec -Wl,-T -Wl,../src/lscript.ld -L../../smart_toilet_system_sw_bsp/ps7_cortexa9_0/lib -o "smart_toilet_system_sw.elf"  ./src/sequence/oled.o ./src/sequence/smart_toilet_system_regs.o  ./src/main.o   -Wl,--start-group,-lxil,-lfreertos,-lgcc,-lc,--end-group
Finished building target: smart_toilet_system_sw.elf
 
Invoking: ARM v7 Print Size
arm-none-eabi-size smart_toilet_system_sw.elf  |tee "smart_toilet_system_sw.elf.size"
   text	   data	    bss	    dec	    hex	filename
  90996	   4180	  89440	 184616	  2d128	smart_toilet_system_sw.elf
Finished building: smart_toilet_system_sw.elf.size
 
14:57:56 **** Incremental Build of configuration Debug for project smart_toilet_system_sw ****
make pre-build main-build 
a9-linaro-pre-build-step
 
make: Nothing to be done for `main-build'.
14:58:16 **** Auto Build of configuration Debug for project smart_toilet_system_sw ****
make pre-build main-build 
a9-linaro-pre-build-step
 
Building file: ../src/main.c
Invoking: ARM v7 gcc compiler
arm-none-eabi-gcc -Wall -O0 -g3 -c -fmessage-length=0 -MT"src/main.o" -mcpu=cortex-a9 -mfpu=vfpv3 -mfloat-abi=hard -I../../smart_toilet_system_sw_bsp/ps7_cortexa9_0/include -MMD -MP -MF"src/main.d" -MT"src/main.o" -o "src/main.o" "../src/main.c"
../src/main.c:123:13: warning: 'vTimerCallback' defined but not used [-Wunused-function]
 static void vTimerCallback( TimerHandle_t pxTimer )
             ^~~~~~~~~~~~~~
Finished building: ../src/main.c
 
Building target: smart_toilet_system_sw.elf
Invoking: ARM v7 gcc linker
arm-none-eabi-gcc -mcpu=cortex-a9 -mfpu=vfpv3 -mfloat-abi=hard -Wl,-build-id=none -specs=Xilinx.spec -Wl,-T -Wl,../src/lscript.ld -L../../smart_toilet_system_sw_bsp/ps7_cortexa9_0/lib -o "smart_toilet_system_sw.elf"  ./src/sequence/oled.o ./src/sequence/smart_toilet_system_regs.o  ./src/main.o   -Wl,--start-group,-lxil,-lfreertos,-lgcc,-lc,--end-group
Finished building target: smart_toilet_system_sw.elf
 
Invoking: ARM v7 Print Size
arm-none-eabi-size smart_toilet_system_sw.elf  |tee "smart_toilet_system_sw.elf.size"
   text	   data	    bss	    dec	    hex	filename
  90996	   4180	  89440	 184616	  2d128	smart_toilet_system_sw.elf
Finished building: smart_toilet_system_sw.elf.size
 
14:58:29 **** Auto Build of configuration Debug for project smart_toilet_system_sw ****
make pre-build main-build 
a9-linaro-pre-build-step
 
Building file: ../src/main.c
Invoking: ARM v7 gcc compiler
arm-none-eabi-gcc -Wall -O0 -g3 -c -fmessage-length=0 -MT"src/main.o" -mcpu=cortex-a9 -mfpu=vfpv3 -mfloat-abi=hard -I../../smart_toilet_system_sw_bsp/ps7_cortexa9_0/include -MMD -MP -MF"src/main.d" -MT"src/main.o" -o "src/main.o" "../src/main.c"
../src/main.c:122:13: warning: 'vTimerCallback' defined but not used [-Wunused-function]
 static void vTimerCallback( TimerHandle_t pxTimer )
             ^~~~~~~~~~~~~~
Finished building: ../src/main.c
 
Building target: smart_toilet_system_sw.elf
Invoking: ARM v7 gcc linker
arm-none-eabi-gcc -mcpu=cortex-a9 -mfpu=vfpv3 -mfloat-abi=hard -Wl,-build-id=none -specs=Xilinx.spec -Wl,-T -Wl,../src/lscript.ld -L../../smart_toilet_system_sw_bsp/ps7_cortexa9_0/lib -o "smart_toilet_system_sw.elf"  ./src/sequence/oled.o ./src/sequence/smart_toilet_system_regs.o  ./src/main.o   -Wl,--start-group,-lxil,-lfreertos,-lgcc,-lc,--end-group
Finished building target: smart_toilet_system_sw.elf
 
Invoking: ARM v7 Print Size
arm-none-eabi-size smart_toilet_system_sw.elf  |tee "smart_toilet_system_sw.elf.size"
   text	   data	    bss	    dec	    hex	filename
  90996	   4180	  89440	 184616	  2d128	smart_toilet_system_sw.elf
Finished building: smart_toilet_system_sw.elf.size
 
14:59:04 **** Incremental Build of configuration Debug for project smart_toilet_system_sw ****
make pre-build main-build 
a9-linaro-pre-build-step
 
Building file: ../src/main.c
Invoking: ARM v7 gcc compiler
arm-none-eabi-gcc -Wall -O0 -g3 -c -fmessage-length=0 -MT"src/main.o" -mcpu=cortex-a9 -mfpu=vfpv3 -mfloat-abi=hard -I../../smart_toilet_system_sw_bsp/ps7_cortexa9_0/include -MMD -MP -MF"src/main.d" -MT"src/main.o" -o "src/main.o" "../src/main.c"
../src/main.c:122:13: warning: 'vTimerCallback' defined but not used [-Wunused-function]
 static void vTimerCallback( TimerHandle_t pxTimer )
             ^~~~~~~~~~~~~~
Finished building: ../src/main.c
 
Building target: smart_toilet_system_sw.elf
Invoking: ARM v7 gcc linker
arm-none-eabi-gcc -mcpu=cortex-a9 -mfpu=vfpv3 -mfloat-abi=hard -Wl,-build-id=none -specs=Xilinx.spec -Wl,-T -Wl,../src/lscript.ld -L../../smart_toilet_system_sw_bsp/ps7_cortexa9_0/lib -o "smart_toilet_system_sw.elf"  ./src/sequence/oled.o ./src/sequence/smart_toilet_system_regs.o  ./src/main.o   -Wl,--start-group,-lxil,-lfreertos,-lgcc,-lc,--end-group
Finished building target: smart_toilet_system_sw.elf
 
Invoking: ARM v7 Print Size
arm-none-eabi-size smart_toilet_system_sw.elf  |tee "smart_toilet_system_sw.elf.size"
   text	   data	    bss	    dec	    hex	filename
  90996	   4180	  89440	 184616	  2d128	smart_toilet_system_sw.elf
Finished building: smart_toilet_system_sw.elf.size
 
14:59:49 **** Incremental Build of configuration Debug for project smart_toilet_system_sw ****
make pre-build main-build 
a9-linaro-pre-build-step
 
Building file: ../src/main.c
Invoking: ARM v7 gcc compiler
arm-none-eabi-gcc -Wall -O0 -g3 -c -fmessage-length=0 -MT"src/main.o" -mcpu=cortex-a9 -mfpu=vfpv3 -mfloat-abi=hard -I../../smart_toilet_system_sw_bsp/ps7_cortexa9_0/include -MMD -MP -MF"src/main.d" -MT"src/main.o" -o "src/main.o" "../src/main.c"
../src/main.c:122:13: warning: 'vTimerCallback' defined but not used [-Wunused-function]
 static void vTimerCallback( TimerHandle_t pxTimer )
             ^~~~~~~~~~~~~~
Finished building: ../src/main.c
 
Building target: smart_toilet_system_sw.elf
Invoking: ARM v7 gcc linker
arm-none-eabi-gcc -mcpu=cortex-a9 -mfpu=vfpv3 -mfloat-abi=hard -Wl,-build-id=none -specs=Xilinx.spec -Wl,-T -Wl,../src/lscript.ld -L../../smart_toilet_system_sw_bsp/ps7_cortexa9_0/lib -o "smart_toilet_system_sw.elf"  ./src/sequence/oled.o ./src/sequence/smart_toilet_system_regs.o  ./src/main.o   -Wl,--start-group,-lxil,-lfreertos,-lgcc,-lc,--end-group
Finished building target: smart_toilet_system_sw.elf
 
Invoking: ARM v7 Print Size
arm-none-eabi-size smart_toilet_system_sw.elf  |tee "smart_toilet_system_sw.elf.size"
   text	   data	    bss	    dec	    hex	filename
  91084	   4180	  89440	 184704	  2d180	smart_toilet_system_sw.elf
Finished building: smart_toilet_system_sw.elf.size
 
15:01:57 **** Auto Build of configuration Debug for project smart_toilet_system_sw ****
make pre-build main-build 
a9-linaro-pre-build-step
 
Building file: ../src/main.c
Invoking: ARM v7 gcc compiler
arm-none-eabi-gcc -Wall -O0 -g3 -c -fmessage-length=0 -MT"src/main.o" -mcpu=cortex-a9 -mfpu=vfpv3 -mfloat-abi=hard -I../../smart_toilet_system_sw_bsp/ps7_cortexa9_0/include -MMD -MP -MF"src/main.d" -MT"src/main.o" -o "src/main.o" "../src/main.c"
../src/main.c:122:13: warning: 'vTimerCallback' defined but not used [-Wunused-function]
 static void vTimerCallback( TimerHandle_t pxTimer )
             ^~~~~~~~~~~~~~
Finished building: ../src/main.c
 
Building target: smart_toilet_system_sw.elf
Invoking: ARM v7 gcc linker
arm-none-eabi-gcc -mcpu=cortex-a9 -mfpu=vfpv3 -mfloat-abi=hard -Wl,-build-id=none -specs=Xilinx.spec -Wl,-T -Wl,../src/lscript.ld -L../../smart_toilet_system_sw_bsp/ps7_cortexa9_0/lib -o "smart_toilet_system_sw.elf"  ./src/sequence/oled.o ./src/sequence/smart_toilet_system_regs.o  ./src/main.o   -Wl,--start-group,-lxil,-lfreertos,-lgcc,-lc,--end-group
Finished building target: smart_toilet_system_sw.elf
 
Invoking: ARM v7 Print Size
arm-none-eabi-size smart_toilet_system_sw.elf  |tee "smart_toilet_system_sw.elf.size"
   text	   data	    bss	    dec	    hex	filename
  91020	   4180	  89440	 184640	  2d140	smart_toilet_system_sw.elf
Finished building: smart_toilet_system_sw.elf.size
 
15:02:03 **** Auto Build of configuration Debug for project smart_toilet_system_sw ****
make pre-build main-build 
a9-linaro-pre-build-step
 
Building file: ../src/main.c
Invoking: ARM v7 gcc compiler
arm-none-eabi-gcc -Wall -O0 -g3 -c -fmessage-length=0 -MT"src/main.o" -mcpu=cortex-a9 -mfpu=vfpv3 -mfloat-abi=hard -I../../smart_toilet_system_sw_bsp/ps7_cortexa9_0/include -MMD -MP -MF"src/main.d" -MT"src/main.o" -o "src/main.o" "../src/main.c"
../src/main.c:122:13: warning: 'vTimerCallback' defined but not used [-Wunused-function]
 static void vTimerCallback( TimerHandle_t pxTimer )
             ^~~~~~~~~~~~~~
Finished building: ../src/main.c
 
Building target: smart_toilet_system_sw.elf
Invoking: ARM v7 gcc linker
arm-none-eabi-gcc -mcpu=cortex-a9 -mfpu=vfpv3 -mfloat-abi=hard -Wl,-build-id=none -specs=Xilinx.spec -Wl,-T -Wl,../src/lscript.ld -L../../smart_toilet_system_sw_bsp/ps7_cortexa9_0/lib -o "smart_toilet_system_sw.elf"  ./src/sequence/oled.o ./src/sequence/smart_toilet_system_regs.o  ./src/main.o   -Wl,--start-group,-lxil,-lfreertos,-lgcc,-lc,--end-group
Finished building target: smart_toilet_system_sw.elf
 
Invoking: ARM v7 Print Size
arm-none-eabi-size smart_toilet_system_sw.elf  |tee "smart_toilet_system_sw.elf.size"
   text	   data	    bss	    dec	    hex	filename
  91084	   4180	  89440	 184704	  2d180	smart_toilet_system_sw.elf
Finished building: smart_toilet_system_sw.elf.size
 
15:02:08 **** Auto Build of configuration Debug for project smart_toilet_system_sw ****
make pre-build main-build 
a9-linaro-pre-build-step
 
Building file: ../src/main.c
Invoking: ARM v7 gcc compiler
arm-none-eabi-gcc -Wall -O0 -g3 -c -fmessage-length=0 -MT"src/main.o" -mcpu=cortex-a9 -mfpu=vfpv3 -mfloat-abi=hard -I../../smart_toilet_system_sw_bsp/ps7_cortexa9_0/include -MMD -MP -MF"src/main.d" -MT"src/main.o" -o "src/main.o" "../src/main.c"
../src/main.c:120:13: warning: 'vTimerCallback' defined but not used [-Wunused-function]
 static void vTimerCallback( TimerHandle_t pxTimer )
             ^~~~~~~~~~~~~~
Finished building: ../src/main.c
 
Building target: smart_toilet_system_sw.elf
Invoking: ARM v7 gcc linker
arm-none-eabi-gcc -mcpu=cortex-a9 -mfpu=vfpv3 -mfloat-abi=hard -Wl,-build-id=none -specs=Xilinx.spec -Wl,-T -Wl,../src/lscript.ld -L../../smart_toilet_system_sw_bsp/ps7_cortexa9_0/lib -o "smart_toilet_system_sw.elf"  ./src/sequence/oled.o ./src/sequence/smart_toilet_system_regs.o  ./src/main.o   -Wl,--start-group,-lxil,-lfreertos,-lgcc,-lc,--end-group
Finished building target: smart_toilet_system_sw.elf
 
Invoking: ARM v7 Print Size
arm-none-eabi-size smart_toilet_system_sw.elf  |tee "smart_toilet_system_sw.elf.size"
   text	   data	    bss	    dec	    hex	filename
  91084	   4180	  89440	 184704	  2d180	smart_toilet_system_sw.elf
Finished building: smart_toilet_system_sw.elf.size
 
15:02:09 **** Incremental Build of configuration Debug for project smart_toilet_system_sw ****
make pre-build main-build 
a9-linaro-pre-build-step
 
make: Nothing to be done for `main-build'.
15:02:46 **** Auto Build of configuration Debug for project smart_toilet_system_sw ****
make pre-build main-build 
a9-linaro-pre-build-step
 
Building file: ../src/main.c
Invoking: ARM v7 gcc compiler
arm-none-eabi-gcc -Wall -O0 -g3 -c -fmessage-length=0 -MT"src/main.o" -mcpu=cortex-a9 -mfpu=vfpv3 -mfloat-abi=hard -I../../smart_toilet_system_sw_bsp/ps7_cortexa9_0/include -MMD -MP -MF"src/main.d" -MT"src/main.o" -o "src/main.o" "../src/main.c"
../src/main.c:121:13: warning: 'vTimerCallback' defined but not used [-Wunused-function]
 static void vTimerCallback( TimerHandle_t pxTimer )
             ^~~~~~~~~~~~~~
Finished building: ../src/main.c
 
Building target: smart_toilet_system_sw.elf
Invoking: ARM v7 gcc linker
arm-none-eabi-gcc -mcpu=cortex-a9 -mfpu=vfpv3 -mfloat-abi=hard -Wl,-build-id=none -specs=Xilinx.spec -Wl,-T -Wl,../src/lscript.ld -L../../smart_toilet_system_sw_bsp/ps7_cortexa9_0/lib -o "smart_toilet_system_sw.elf"  ./src/sequence/oled.o ./src/sequence/smart_toilet_system_regs.o  ./src/main.o   -Wl,--start-group,-lxil,-lfreertos,-lgcc,-lc,--end-group
Finished building target: smart_toilet_system_sw.elf
 
Invoking: ARM v7 Print Size
arm-none-eabi-size smart_toilet_system_sw.elf  |tee "smart_toilet_system_sw.elf.size"
   text	   data	    bss	    dec	    hex	filename
  91084	   4180	  89440	 184704	  2d180	smart_toilet_system_sw.elf
Finished building: smart_toilet_system_sw.elf.size
 
15:03:15 **** Auto Build of configuration Debug for project smart_toilet_system_sw ****
make pre-build main-build 
a9-linaro-pre-build-step
 
Building file: ../src/main.c
Invoking: ARM v7 gcc compiler
arm-none-eabi-gcc -Wall -O0 -g3 -c -fmessage-length=0 -MT"src/main.o" -mcpu=cortex-a9 -mfpu=vfpv3 -mfloat-abi=hard -I../../smart_toilet_system_sw_bsp/ps7_cortexa9_0/include -MMD -MP -MF"src/main.d" -MT"src/main.o" -o "src/main.o" "../src/main.c"
../src/main.c:123:13: warning: 'vTimerCallback' defined but not used [-Wunused-function]
 static void vTimerCallback( TimerHandle_t pxTimer )
             ^~~~~~~~~~~~~~
Finished building: ../src/main.c
 
Building target: smart_toilet_system_sw.elf
Invoking: ARM v7 gcc linker
arm-none-eabi-gcc -mcpu=cortex-a9 -mfpu=vfpv3 -mfloat-abi=hard -Wl,-build-id=none -specs=Xilinx.spec -Wl,-T -Wl,../src/lscript.ld -L../../smart_toilet_system_sw_bsp/ps7_cortexa9_0/lib -o "smart_toilet_system_sw.elf"  ./src/sequence/oled.o ./src/sequence/smart_toilet_system_regs.o  ./src/main.o   -Wl,--start-group,-lxil,-lfreertos,-lgcc,-lc,--end-group
Finished building target: smart_toilet_system_sw.elf
 
Invoking: ARM v7 Print Size
arm-none-eabi-size smart_toilet_system_sw.elf  |tee "smart_toilet_system_sw.elf.size"
   text	   data	    bss	    dec	    hex	filename
  91156	   4180	  89440	 184776	  2d1c8	smart_toilet_system_sw.elf
Finished building: smart_toilet_system_sw.elf.size
 
15:03:16 **** Incremental Build of configuration Debug for project smart_toilet_system_sw ****
make pre-build main-build 
a9-linaro-pre-build-step
 
make: Nothing to be done for `main-build'.
15:03:33 **** Incremental Build of configuration Debug for project smart_toilet_system_sw ****
make pre-build main-build 
a9-linaro-pre-build-step
 
Building file: ../src/main.c
Invoking: ARM v7 gcc compiler
arm-none-eabi-gcc -Wall -O0 -g3 -c -fmessage-length=0 -MT"src/main.o" -mcpu=cortex-a9 -mfpu=vfpv3 -mfloat-abi=hard -I../../smart_toilet_system_sw_bsp/ps7_cortexa9_0/include -MMD -MP -MF"src/main.d" -MT"src/main.o" -o "src/main.o" "../src/main.c"
../src/main.c:123:13: warning: 'vTimerCallback' defined but not used [-Wunused-function]
 static void vTimerCallback( TimerHandle_t pxTimer )
             ^~~~~~~~~~~~~~
Finished building: ../src/main.c
 
Building target: smart_toilet_system_sw.elf
Invoking: ARM v7 gcc linker
arm-none-eabi-gcc -mcpu=cortex-a9 -mfpu=vfpv3 -mfloat-abi=hard -Wl,-build-id=none -specs=Xilinx.spec -Wl,-T -Wl,../src/lscript.ld -L../../smart_toilet_system_sw_bsp/ps7_cortexa9_0/lib -o "smart_toilet_system_sw.elf"  ./src/sequence/oled.o ./src/sequence/smart_toilet_system_regs.o  ./src/main.o   -Wl,--start-group,-lxil,-lfreertos,-lgcc,-lc,--end-group
Finished building target: smart_toilet_system_sw.elf
 
Invoking: ARM v7 Print Size
arm-none-eabi-size smart_toilet_system_sw.elf  |tee "smart_toilet_system_sw.elf.size"
   text	   data	    bss	    dec	    hex	filename
  91156	   4180	  89440	 184776	  2d1c8	smart_toilet_system_sw.elf
Finished building: smart_toilet_system_sw.elf.size
 
15:03:50 **** Incremental Build of configuration Debug for project smart_toilet_system_sw ****
make pre-build main-build 
a9-linaro-pre-build-step
 
Building file: ../src/main.c
Invoking: ARM v7 gcc compiler
arm-none-eabi-gcc -Wall -O0 -g3 -c -fmessage-length=0 -MT"src/main.o" -mcpu=cortex-a9 -mfpu=vfpv3 -mfloat-abi=hard -I../../smart_toilet_system_sw_bsp/ps7_cortexa9_0/include -MMD -MP -MF"src/main.d" -MT"src/main.o" -o "src/main.o" "../src/main.c"
../src/main.c:123:13: warning: 'vTimerCallback' defined but not used [-Wunused-function]
 static void vTimerCallback( TimerHandle_t pxTimer )
             ^~~~~~~~~~~~~~
Finished building: ../src/main.c
 
Building target: smart_toilet_system_sw.elf
Invoking: ARM v7 gcc linker
arm-none-eabi-gcc -mcpu=cortex-a9 -mfpu=vfpv3 -mfloat-abi=hard -Wl,-build-id=none -specs=Xilinx.spec -Wl,-T -Wl,../src/lscript.ld -L../../smart_toilet_system_sw_bsp/ps7_cortexa9_0/lib -o "smart_toilet_system_sw.elf"  ./src/sequence/oled.o ./src/sequence/smart_toilet_system_regs.o  ./src/main.o   -Wl,--start-group,-lxil,-lfreertos,-lgcc,-lc,--end-group
Finished building target: smart_toilet_system_sw.elf
 
Invoking: ARM v7 Print Size
arm-none-eabi-size smart_toilet_system_sw.elf  |tee "smart_toilet_system_sw.elf.size"
   text	   data	    bss	    dec	    hex	filename
  91156	   4180	  89440	 184776	  2d1c8	smart_toilet_system_sw.elf
Finished building: smart_toilet_system_sw.elf.size
 
15:04:24 **** Incremental Build of configuration Debug for project smart_toilet_system_sw ****
make pre-build main-build 
a9-linaro-pre-build-step
 
Building file: ../src/main.c
Invoking: ARM v7 gcc compiler
arm-none-eabi-gcc -Wall -O0 -g3 -c -fmessage-length=0 -MT"src/main.o" -mcpu=cortex-a9 -mfpu=vfpv3 -mfloat-abi=hard -I../../smart_toilet_system_sw_bsp/ps7_cortexa9_0/include -MMD -MP -MF"src/main.d" -MT"src/main.o" -o "src/main.o" "../src/main.c"
../src/main.c:123:13: warning: 'vTimerCallback' defined but not used [-Wunused-function]
 static void vTimerCallback( TimerHandle_t pxTimer )
             ^~~~~~~~~~~~~~
Finished building: ../src/main.c
 
Building target: smart_toilet_system_sw.elf
Invoking: ARM v7 gcc linker
arm-none-eabi-gcc -mcpu=cortex-a9 -mfpu=vfpv3 -mfloat-abi=hard -Wl,-build-id=none -specs=Xilinx.spec -Wl,-T -Wl,../src/lscript.ld -L../../smart_toilet_system_sw_bsp/ps7_cortexa9_0/lib -o "smart_toilet_system_sw.elf"  ./src/sequence/oled.o ./src/sequence/smart_toilet_system_regs.o  ./src/main.o   -Wl,--start-group,-lxil,-lfreertos,-lgcc,-lc,--end-group
Finished building target: smart_toilet_system_sw.elf
 
Invoking: ARM v7 Print Size
arm-none-eabi-size smart_toilet_system_sw.elf  |tee "smart_toilet_system_sw.elf.size"
   text	   data	    bss	    dec	    hex	filename
  91092	   4180	  89440	 184712	  2d188	smart_toilet_system_sw.elf
Finished building: smart_toilet_system_sw.elf.size
 
15:05:04 **** Auto Build of configuration Debug for project smart_toilet_system_sw ****
make pre-build main-build 
a9-linaro-pre-build-step
 
Building file: ../src/main.c
Invoking: ARM v7 gcc compiler
arm-none-eabi-gcc -Wall -O0 -g3 -c -fmessage-length=0 -MT"src/main.o" -mcpu=cortex-a9 -mfpu=vfpv3 -mfloat-abi=hard -I../../smart_toilet_system_sw_bsp/ps7_cortexa9_0/include -MMD -MP -MF"src/main.d" -MT"src/main.o" -o "src/main.o" "../src/main.c"
../src/main.c:123:13: warning: 'vTimerCallback' defined but not used [-Wunused-function]
 static void vTimerCallback( TimerHandle_t pxTimer )
             ^~~~~~~~~~~~~~
Finished building: ../src/main.c
 
Building target: smart_toilet_system_sw.elf
Invoking: ARM v7 gcc linker
arm-none-eabi-gcc -mcpu=cortex-a9 -mfpu=vfpv3 -mfloat-abi=hard -Wl,-build-id=none -specs=Xilinx.spec -Wl,-T -Wl,../src/lscript.ld -L../../smart_toilet_system_sw_bsp/ps7_cortexa9_0/lib -o "smart_toilet_system_sw.elf"  ./src/sequence/oled.o ./src/sequence/smart_toilet_system_regs.o  ./src/main.o   -Wl,--start-group,-lxil,-lfreertos,-lgcc,-lc,--end-group
Finished building target: smart_toilet_system_sw.elf
 
Invoking: ARM v7 Print Size
arm-none-eabi-size smart_toilet_system_sw.elf  |tee "smart_toilet_system_sw.elf.size"
   text	   data	    bss	    dec	    hex	filename
  91084	   4180	  89440	 184704	  2d180	smart_toilet_system_sw.elf
Finished building: smart_toilet_system_sw.elf.size
 
15:05:06 **** Incremental Build of configuration Debug for project smart_toilet_system_sw ****
make pre-build main-build 
a9-linaro-pre-build-step
 
make: Nothing to be done for `main-build'.
15:06:18 **** Incremental Build of configuration Debug for project smart_toilet_system_sw ****
make pre-build main-build 
a9-linaro-pre-build-step
 
make: Nothing to be done for `main-build'.
15:07:47 **** Auto Build of configuration Debug for project smart_toilet_system_sw ****
make pre-build main-build 
a9-linaro-pre-build-step
 
Building file: ../src/main.c
Invoking: ARM v7 gcc compiler
arm-none-eabi-gcc -Wall -O0 -g3 -c -fmessage-length=0 -MT"src/main.o" -mcpu=cortex-a9 -mfpu=vfpv3 -mfloat-abi=hard -I../../smart_toilet_system_sw_bsp/ps7_cortexa9_0/include -MMD -MP -MF"src/main.d" -MT"src/main.o" -o "src/main.o" "../src/main.c"
../src/main.c:123:13: warning: 'vTimerCallback' defined but not used [-Wunused-function]
 static void vTimerCallback( TimerHandle_t pxTimer )
             ^~~~~~~~~~~~~~
Finished building: ../src/main.c
 
Building target: smart_toilet_system_sw.elf
Invoking: ARM v7 gcc linker
arm-none-eabi-gcc -mcpu=cortex-a9 -mfpu=vfpv3 -mfloat-abi=hard -Wl,-build-id=none -specs=Xilinx.spec -Wl,-T -Wl,../src/lscript.ld -L../../smart_toilet_system_sw_bsp/ps7_cortexa9_0/lib -o "smart_toilet_system_sw.elf"  ./src/sequence/oled.o ./src/sequence/smart_toilet_system_regs.o  ./src/main.o   -Wl,--start-group,-lxil,-lfreertos,-lgcc,-lc,--end-group
Finished building target: smart_toilet_system_sw.elf
 
Invoking: ARM v7 Print Size
arm-none-eabi-size smart_toilet_system_sw.elf  |tee "smart_toilet_system_sw.elf.size"
   text	   data	    bss	    dec	    hex	filename
  91084	   4180	  89440	 184704	  2d180	smart_toilet_system_sw.elf
Finished building: smart_toilet_system_sw.elf.size
 
15:07:49 **** Incremental Build of configuration Debug for project smart_toilet_system_sw ****
make pre-build main-build 
a9-linaro-pre-build-step
 
make: Nothing to be done for `main-build'.
15:08:39 **** Auto Build of configuration Debug for project smart_toilet_system_sw ****
make pre-build main-build 
a9-linaro-pre-build-step
 
Building file: ../src/main.c
Invoking: ARM v7 gcc compiler
arm-none-eabi-gcc -Wall -O0 -g3 -c -fmessage-length=0 -MT"src/main.o" -mcpu=cortex-a9 -mfpu=vfpv3 -mfloat-abi=hard -I../../smart_toilet_system_sw_bsp/ps7_cortexa9_0/include -MMD -MP -MF"src/main.d" -MT"src/main.o" -o "src/main.o" "../src/main.c"
../src/main.c:123:13: warning: 'vTimerCallback' defined but not used [-Wunused-function]
 static void vTimerCallback( TimerHandle_t pxTimer )
             ^~~~~~~~~~~~~~
Finished building: ../src/main.c
 
Building target: smart_toilet_system_sw.elf
Invoking: ARM v7 gcc linker
arm-none-eabi-gcc -mcpu=cortex-a9 -mfpu=vfpv3 -mfloat-abi=hard -Wl,-build-id=none -specs=Xilinx.spec -Wl,-T -Wl,../src/lscript.ld -L../../smart_toilet_system_sw_bsp/ps7_cortexa9_0/lib -o "smart_toilet_system_sw.elf"  ./src/sequence/oled.o ./src/sequence/smart_toilet_system_regs.o  ./src/main.o   -Wl,--start-group,-lxil,-lfreertos,-lgcc,-lc,--end-group
Finished building target: smart_toilet_system_sw.elf
 
Invoking: ARM v7 Print Size
arm-none-eabi-size smart_toilet_system_sw.elf  |tee "smart_toilet_system_sw.elf.size"
   text	   data	    bss	    dec	    hex	filename
  91020	   4180	  89440	 184640	  2d140	smart_toilet_system_sw.elf
Finished building: smart_toilet_system_sw.elf.size
 
15:08:41 **** Incremental Build of configuration Debug for project smart_toilet_system_sw ****
make pre-build main-build 
a9-linaro-pre-build-step
 
make: Nothing to be done for `main-build'.
15:09:51 **** Incremental Build of configuration Debug for project smart_toilet_system_sw ****
make pre-build main-build 
a9-linaro-pre-build-step
 
Building file: ../src/main.c
Invoking: ARM v7 gcc compiler
arm-none-eabi-gcc -Wall -O0 -g3 -c -fmessage-length=0 -MT"src/main.o" -mcpu=cortex-a9 -mfpu=vfpv3 -mfloat-abi=hard -I../../smart_toilet_system_sw_bsp/ps7_cortexa9_0/include -MMD -MP -MF"src/main.d" -MT"src/main.o" -o "src/main.o" "../src/main.c"
../src/main.c:123:13: warning: 'vTimerCallback' defined but not used [-Wunused-function]
 static void vTimerCallback( TimerHandle_t pxTimer )
             ^~~~~~~~~~~~~~
Finished building: ../src/main.c
 
Building target: smart_toilet_system_sw.elf
Invoking: ARM v7 gcc linker
arm-none-eabi-gcc -mcpu=cortex-a9 -mfpu=vfpv3 -mfloat-abi=hard -Wl,-build-id=none -specs=Xilinx.spec -Wl,-T -Wl,../src/lscript.ld -L../../smart_toilet_system_sw_bsp/ps7_cortexa9_0/lib -o "smart_toilet_system_sw.elf"  ./src/sequence/oled.o ./src/sequence/smart_toilet_system_regs.o  ./src/main.o   -Wl,--start-group,-lxil,-lfreertos,-lgcc,-lc,--end-group
Finished building target: smart_toilet_system_sw.elf
 
Invoking: ARM v7 Print Size
arm-none-eabi-size smart_toilet_system_sw.elf  |tee "smart_toilet_system_sw.elf.size"
   text	   data	    bss	    dec	    hex	filename
  91020	   4180	  89440	 184640	  2d140	smart_toilet_system_sw.elf
Finished building: smart_toilet_system_sw.elf.size
 
15:10:47 **** Auto Build of configuration Debug for project smart_toilet_system_sw ****
make pre-build main-build 
a9-linaro-pre-build-step
 
Building file: ../src/main.c
Invoking: ARM v7 gcc compiler
arm-none-eabi-gcc -Wall -O0 -g3 -c -fmessage-length=0 -MT"src/main.o" -mcpu=cortex-a9 -mfpu=vfpv3 -mfloat-abi=hard -I../../smart_toilet_system_sw_bsp/ps7_cortexa9_0/include -MMD -MP -MF"src/main.d" -MT"src/main.o" -o "src/main.o" "../src/main.c"
../src/main.c:124:13: warning: 'vTimerCallback' defined but not used [-Wunused-function]
 static void vTimerCallback( TimerHandle_t pxTimer )
             ^~~~~~~~~~~~~~
Finished building: ../src/main.c
 
Building target: smart_toilet_system_sw.elf
Invoking: ARM v7 gcc linker
arm-none-eabi-gcc -mcpu=cortex-a9 -mfpu=vfpv3 -mfloat-abi=hard -Wl,-build-id=none -specs=Xilinx.spec -Wl,-T -Wl,../src/lscript.ld -L../../smart_toilet_system_sw_bsp/ps7_cortexa9_0/lib -o "smart_toilet_system_sw.elf"  ./src/sequence/oled.o ./src/sequence/smart_toilet_system_regs.o  ./src/main.o   -Wl,--start-group,-lxil,-lfreertos,-lgcc,-lc,--end-group
Finished building target: smart_toilet_system_sw.elf
 
Invoking: ARM v7 Print Size
arm-none-eabi-size smart_toilet_system_sw.elf  |tee "smart_toilet_system_sw.elf.size"
   text	   data	    bss	    dec	    hex	filename
  91020	   4180	  89440	 184640	  2d140	smart_toilet_system_sw.elf
Finished building: smart_toilet_system_sw.elf.size
 
15:10:57 **** Auto Build of configuration Debug for project smart_toilet_system_sw ****
make pre-build main-build 
a9-linaro-pre-build-step
 
Building file: ../src/main.c
Invoking: ARM v7 gcc compiler
arm-none-eabi-gcc -Wall -O0 -g3 -c -fmessage-length=0 -MT"src/main.o" -mcpu=cortex-a9 -mfpu=vfpv3 -mfloat-abi=hard -I../../smart_toilet_system_sw_bsp/ps7_cortexa9_0/include -MMD -MP -MF"src/main.d" -MT"src/main.o" -o "src/main.o" "../src/main.c"
../src/main.c:124:13: warning: 'vTimerCallback' defined but not used [-Wunused-function]
 static void vTimerCallback( TimerHandle_t pxTimer )
             ^~~~~~~~~~~~~~
Finished building: ../src/main.c
 
Building target: smart_toilet_system_sw.elf
Invoking: ARM v7 gcc linker
arm-none-eabi-gcc -mcpu=cortex-a9 -mfpu=vfpv3 -mfloat-abi=hard -Wl,-build-id=none -specs=Xilinx.spec -Wl,-T -Wl,../src/lscript.ld -L../../smart_toilet_system_sw_bsp/ps7_cortexa9_0/lib -o "smart_toilet_system_sw.elf"  ./src/sequence/oled.o ./src/sequence/smart_toilet_system_regs.o  ./src/main.o   -Wl,--start-group,-lxil,-lfreertos,-lgcc,-lc,--end-group
Finished building target: smart_toilet_system_sw.elf
 
Invoking: ARM v7 Print Size
arm-none-eabi-size smart_toilet_system_sw.elf  |tee "smart_toilet_system_sw.elf.size"
   text	   data	    bss	    dec	    hex	filename
  90956	   4180	  89440	 184576	  2d100	smart_toilet_system_sw.elf
Finished building: smart_toilet_system_sw.elf.size
 
15:10:58 **** Incremental Build of configuration Debug for project smart_toilet_system_sw ****
make pre-build main-build 
a9-linaro-pre-build-step
 
make: Nothing to be done for `main-build'.
15:12:15 **** Incremental Build of configuration Debug for project smart_toilet_system_sw ****
make pre-build main-build 
a9-linaro-pre-build-step
 
Building file: ../src/main.c
Invoking: ARM v7 gcc compiler
arm-none-eabi-gcc -Wall -O0 -g3 -c -fmessage-length=0 -MT"src/main.o" -mcpu=cortex-a9 -mfpu=vfpv3 -mfloat-abi=hard -I../../smart_toilet_system_sw_bsp/ps7_cortexa9_0/include -MMD -MP -MF"src/main.d" -MT"src/main.o" -o "src/main.o" "../src/main.c"
../src/main.c:124:13: warning: 'vTimerCallback' defined but not used [-Wunused-function]
 static void vTimerCallback( TimerHandle_t pxTimer )
             ^~~~~~~~~~~~~~
Finished building: ../src/main.c
 
Building target: smart_toilet_system_sw.elf
Invoking: ARM v7 gcc linker
arm-none-eabi-gcc -mcpu=cortex-a9 -mfpu=vfpv3 -mfloat-abi=hard -Wl,-build-id=none -specs=Xilinx.spec -Wl,-T -Wl,../src/lscript.ld -L../../smart_toilet_system_sw_bsp/ps7_cortexa9_0/lib -o "smart_toilet_system_sw.elf"  ./src/sequence/oled.o ./src/sequence/smart_toilet_system_regs.o  ./src/main.o   -Wl,--start-group,-lxil,-lfreertos,-lgcc,-lc,--end-group
Finished building target: smart_toilet_system_sw.elf
 
Invoking: ARM v7 Print Size
arm-none-eabi-size smart_toilet_system_sw.elf  |tee "smart_toilet_system_sw.elf.size"
   text	   data	    bss	    dec	    hex	filename
  90948	   4180	  89440	 184568	  2d0f8	smart_toilet_system_sw.elf
Finished building: smart_toilet_system_sw.elf.size
 
15:13:15 **** Auto Build of configuration Debug for project smart_toilet_system_sw ****
make pre-build main-build 
a9-linaro-pre-build-step
 
Building file: ../src/main.c
Invoking: ARM v7 gcc compiler
arm-none-eabi-gcc -Wall -O0 -g3 -c -fmessage-length=0 -MT"src/main.o" -mcpu=cortex-a9 -mfpu=vfpv3 -mfloat-abi=hard -I../../smart_toilet_system_sw_bsp/ps7_cortexa9_0/include -MMD -MP -MF"src/main.d" -MT"src/main.o" -o "src/main.o" "../src/main.c"
../src/main.c:123:13: warning: 'vTimerCallback' defined but not used [-Wunused-function]
 static void vTimerCallback( TimerHandle_t pxTimer )
             ^~~~~~~~~~~~~~
Finished building: ../src/main.c
 
Building target: smart_toilet_system_sw.elf
Invoking: ARM v7 gcc linker
arm-none-eabi-gcc -mcpu=cortex-a9 -mfpu=vfpv3 -mfloat-abi=hard -Wl,-build-id=none -specs=Xilinx.spec -Wl,-T -Wl,../src/lscript.ld -L../../smart_toilet_system_sw_bsp/ps7_cortexa9_0/lib -o "smart_toilet_system_sw.elf"  ./src/sequence/oled.o ./src/sequence/smart_toilet_system_regs.o  ./src/main.o   -Wl,--start-group,-lxil,-lfreertos,-lgcc,-lc,--end-group
Finished building target: smart_toilet_system_sw.elf
 
Invoking: ARM v7 Print Size
arm-none-eabi-size smart_toilet_system_sw.elf  |tee "smart_toilet_system_sw.elf.size"
   text	   data	    bss	    dec	    hex	filename
  91004	   4180	  89440	 184624	  2d130	smart_toilet_system_sw.elf
Finished building: smart_toilet_system_sw.elf.size
 
15:13:16 **** Incremental Build of configuration Debug for project smart_toilet_system_sw ****
make pre-build main-build 
a9-linaro-pre-build-step
 
make: Nothing to be done for `main-build'.
15:13:33 **** Auto Build of configuration Debug for project smart_toilet_system_sw ****
make pre-build main-build 
a9-linaro-pre-build-step
 
Building file: ../src/main.c
Invoking: ARM v7 gcc compiler
arm-none-eabi-gcc -Wall -O0 -g3 -c -fmessage-length=0 -MT"src/main.o" -mcpu=cortex-a9 -mfpu=vfpv3 -mfloat-abi=hard -I../../smart_toilet_system_sw_bsp/ps7_cortexa9_0/include -MMD -MP -MF"src/main.d" -MT"src/main.o" -o "src/main.o" "../src/main.c"
../src/main.c:123:13: warning: 'vTimerCallback' defined but not used [-Wunused-function]
 static void vTimerCallback( TimerHandle_t pxTimer )
             ^~~~~~~~~~~~~~
Finished building: ../src/main.c
 
Building target: smart_toilet_system_sw.elf
Invoking: ARM v7 gcc linker
arm-none-eabi-gcc -mcpu=cortex-a9 -mfpu=vfpv3 -mfloat-abi=hard -Wl,-build-id=none -specs=Xilinx.spec -Wl,-T -Wl,../src/lscript.ld -L../../smart_toilet_system_sw_bsp/ps7_cortexa9_0/lib -o "smart_toilet_system_sw.elf"  ./src/sequence/oled.o ./src/sequence/smart_toilet_system_regs.o  ./src/main.o   -Wl,--start-group,-lxil,-lfreertos,-lgcc,-lc,--end-group
Finished building target: smart_toilet_system_sw.elf
 
Invoking: ARM v7 Print Size
arm-none-eabi-size smart_toilet_system_sw.elf  |tee "smart_toilet_system_sw.elf.size"
   text	   data	    bss	    dec	    hex	filename
  91068	   4180	  89440	 184688	  2d170	smart_toilet_system_sw.elf
Finished building: smart_toilet_system_sw.elf.size
 
15:13:34 **** Incremental Build of configuration Debug for project smart_toilet_system_sw ****
make pre-build main-build 
a9-linaro-pre-build-step
 
make: Nothing to be done for `main-build'.
15:14:04 **** Auto Build of configuration Debug for project smart_toilet_system_sw ****
make pre-build main-build 
a9-linaro-pre-build-step
 
Building file: ../src/main.c
Invoking: ARM v7 gcc compiler
arm-none-eabi-gcc -Wall -O0 -g3 -c -fmessage-length=0 -MT"src/main.o" -mcpu=cortex-a9 -mfpu=vfpv3 -mfloat-abi=hard -I../../smart_toilet_system_sw_bsp/ps7_cortexa9_0/include -MMD -MP -MF"src/main.d" -MT"src/main.o" -o "src/main.o" "../src/main.c"
../src/main.c:123:13: warning: 'vTimerCallback' defined but not used [-Wunused-function]
 static void vTimerCallback( TimerHandle_t pxTimer )
             ^~~~~~~~~~~~~~
Finished building: ../src/main.c
 
Building target: smart_toilet_system_sw.elf
Invoking: ARM v7 gcc linker
arm-none-eabi-gcc -mcpu=cortex-a9 -mfpu=vfpv3 -mfloat-abi=hard -Wl,-build-id=none -specs=Xilinx.spec -Wl,-T -Wl,../src/lscript.ld -L../../smart_toilet_system_sw_bsp/ps7_cortexa9_0/lib -o "smart_toilet_system_sw.elf"  ./src/sequence/oled.o ./src/sequence/smart_toilet_system_regs.o  ./src/main.o   -Wl,--start-group,-lxil,-lfreertos,-lgcc,-lc,--end-group
Finished building target: smart_toilet_system_sw.elf
 
Invoking: ARM v7 Print Size
arm-none-eabi-size smart_toilet_system_sw.elf  |tee "smart_toilet_system_sw.elf.size"
   text	   data	    bss	    dec	    hex	filename
  91076	   4180	  89440	 184696	  2d178	smart_toilet_system_sw.elf
Finished building: smart_toilet_system_sw.elf.size
 
15:14:04 **** Incremental Build of configuration Debug for project smart_toilet_system_sw ****
make pre-build main-build 
a9-linaro-pre-build-step
 
make: Nothing to be done for `main-build'.
15:15:13 **** Incremental Build of configuration Debug for project smart_toilet_system_sw ****
make pre-build main-build 
a9-linaro-pre-build-step
 
Building file: ../src/main.c
Invoking: ARM v7 gcc compiler
arm-none-eabi-gcc -Wall -O0 -g3 -c -fmessage-length=0 -MT"src/main.o" -mcpu=cortex-a9 -mfpu=vfpv3 -mfloat-abi=hard -I../../smart_toilet_system_sw_bsp/ps7_cortexa9_0/include -MMD -MP -MF"src/main.d" -MT"src/main.o" -o "src/main.o" "../src/main.c"
../src/main.c:123:13: warning: 'vTimerCallback' defined but not used [-Wunused-function]
 static void vTimerCallback( TimerHandle_t pxTimer )
             ^~~~~~~~~~~~~~
Finished building: ../src/main.c
 
Building target: smart_toilet_system_sw.elf
Invoking: ARM v7 gcc linker
arm-none-eabi-gcc -mcpu=cortex-a9 -mfpu=vfpv3 -mfloat-abi=hard -Wl,-build-id=none -specs=Xilinx.spec -Wl,-T -Wl,../src/lscript.ld -L../../smart_toilet_system_sw_bsp/ps7_cortexa9_0/lib -o "smart_toilet_system_sw.elf"  ./src/sequence/oled.o ./src/sequence/smart_toilet_system_regs.o  ./src/main.o   -Wl,--start-group,-lxil,-lfreertos,-lgcc,-lc,--end-group
Finished building target: smart_toilet_system_sw.elf
 
Invoking: ARM v7 Print Size
arm-none-eabi-size smart_toilet_system_sw.elf  |tee "smart_toilet_system_sw.elf.size"
   text	   data	    bss	    dec	    hex	filename
  91076	   4180	  89440	 184696	  2d178	smart_toilet_system_sw.elf
Finished building: smart_toilet_system_sw.elf.size
 
15:16:30 **** Incremental Build of configuration Debug for project smart_toilet_system_sw ****
make pre-build main-build 
a9-linaro-pre-build-step
 
Building file: ../src/main.c
Invoking: ARM v7 gcc compiler
arm-none-eabi-gcc -Wall -O0 -g3 -c -fmessage-length=0 -MT"src/main.o" -mcpu=cortex-a9 -mfpu=vfpv3 -mfloat-abi=hard -I../../smart_toilet_system_sw_bsp/ps7_cortexa9_0/include -MMD -MP -MF"src/main.d" -MT"src/main.o" -o "src/main.o" "../src/main.c"
../src/main.c:115:13: warning: 'vTimerCallback' defined but not used [-Wunused-function]
 static void vTimerCallback( TimerHandle_t pxTimer )
             ^~~~~~~~~~~~~~
Finished building: ../src/main.c
 
Building target: smart_toilet_system_sw.elf
Invoking: ARM v7 gcc linker
arm-none-eabi-gcc -mcpu=cortex-a9 -mfpu=vfpv3 -mfloat-abi=hard -Wl,-build-id=none -specs=Xilinx.spec -Wl,-T -Wl,../src/lscript.ld -L../../smart_toilet_system_sw_bsp/ps7_cortexa9_0/lib -o "smart_toilet_system_sw.elf"  ./src/sequence/oled.o ./src/sequence/smart_toilet_system_regs.o  ./src/main.o   -Wl,--start-group,-lxil,-lfreertos,-lgcc,-lc,--end-group
Finished building target: smart_toilet_system_sw.elf
 
Invoking: ARM v7 Print Size
arm-none-eabi-size smart_toilet_system_sw.elf  |tee "smart_toilet_system_sw.elf.size"
   text	   data	    bss	    dec	    hex	filename
  91076	   4180	  89440	 184696	  2d178	smart_toilet_system_sw.elf
Finished building: smart_toilet_system_sw.elf.size
 
15:17:37 **** Incremental Build of configuration Debug for project smart_toilet_system_sw ****
make pre-build main-build 
a9-linaro-pre-build-step
 
Building file: ../src/main.c
Invoking: ARM v7 gcc compiler
arm-none-eabi-gcc -Wall -O0 -g3 -c -fmessage-length=0 -MT"src/main.o" -mcpu=cortex-a9 -mfpu=vfpv3 -mfloat-abi=hard -I../../smart_toilet_system_sw_bsp/ps7_cortexa9_0/include -MMD -MP -MF"src/main.d" -MT"src/main.o" -o "src/main.o" "../src/main.c"
../src/main.c:115:13: warning: 'vTimerCallback' defined but not used [-Wunused-function]
 static void vTimerCallback( TimerHandle_t pxTimer )
             ^~~~~~~~~~~~~~
Finished building: ../src/main.c
 
Building target: smart_toilet_system_sw.elf
Invoking: ARM v7 gcc linker
arm-none-eabi-gcc -mcpu=cortex-a9 -mfpu=vfpv3 -mfloat-abi=hard -Wl,-build-id=none -specs=Xilinx.spec -Wl,-T -Wl,../src/lscript.ld -L../../smart_toilet_system_sw_bsp/ps7_cortexa9_0/lib -o "smart_toilet_system_sw.elf"  ./src/sequence/oled.o ./src/sequence/smart_toilet_system_regs.o  ./src/main.o   -Wl,--start-group,-lxil,-lfreertos,-lgcc,-lc,--end-group
Finished building target: smart_toilet_system_sw.elf
 
Invoking: ARM v7 Print Size
arm-none-eabi-size smart_toilet_system_sw.elf  |tee "smart_toilet_system_sw.elf.size"
   text	   data	    bss	    dec	    hex	filename
  91076	   4180	  89440	 184696	  2d178	smart_toilet_system_sw.elf
Finished building: smart_toilet_system_sw.elf.size
 
15:18:27 **** Incremental Build of configuration Debug for project smart_toilet_system_sw ****
make pre-build main-build 
a9-linaro-pre-build-step
 
Building file: ../src/main.c
Invoking: ARM v7 gcc compiler
arm-none-eabi-gcc -Wall -O0 -g3 -c -fmessage-length=0 -MT"src/main.o" -mcpu=cortex-a9 -mfpu=vfpv3 -mfloat-abi=hard -I../../smart_toilet_system_sw_bsp/ps7_cortexa9_0/include -MMD -MP -MF"src/main.d" -MT"src/main.o" -o "src/main.o" "../src/main.c"
../src/main.c:115:13: warning: 'vTimerCallback' defined but not used [-Wunused-function]
 static void vTimerCallback( TimerHandle_t pxTimer )
             ^~~~~~~~~~~~~~
Finished building: ../src/main.c
 
Building target: smart_toilet_system_sw.elf
Invoking: ARM v7 gcc linker
arm-none-eabi-gcc -mcpu=cortex-a9 -mfpu=vfpv3 -mfloat-abi=hard -Wl,-build-id=none -specs=Xilinx.spec -Wl,-T -Wl,../src/lscript.ld -L../../smart_toilet_system_sw_bsp/ps7_cortexa9_0/lib -o "smart_toilet_system_sw.elf"  ./src/sequence/oled.o ./src/sequence/smart_toilet_system_regs.o  ./src/main.o   -Wl,--start-group,-lxil,-lfreertos,-lgcc,-lc,--end-group
Finished building target: smart_toilet_system_sw.elf
 
Invoking: ARM v7 Print Size
arm-none-eabi-size smart_toilet_system_sw.elf  |tee "smart_toilet_system_sw.elf.size"
   text	   data	    bss	    dec	    hex	filename
  91076	   4180	  89440	 184696	  2d178	smart_toilet_system_sw.elf
Finished building: smart_toilet_system_sw.elf.size
 
15:18:50 **** Auto Build of configuration Debug for project smart_toilet_system_sw ****
make pre-build main-build 
a9-linaro-pre-build-step
 
Building file: ../src/main.c
Invoking: ARM v7 gcc compiler
arm-none-eabi-gcc -Wall -O0 -g3 -c -fmessage-length=0 -MT"src/main.o" -mcpu=cortex-a9 -mfpu=vfpv3 -mfloat-abi=hard -I../../smart_toilet_system_sw_bsp/ps7_cortexa9_0/include -MMD -MP -MF"src/main.d" -MT"src/main.o" -o "src/main.o" "../src/main.c"
../src/main.c: In function 'prvRxTask':
../src/main.c:100:19: warning: unused variable 'x1second' [-Wunused-variable]
  const TickType_t x1second = pdMS_TO_TICKS( 500UL );
                   ^~~~~~~~
At top level:
../src/main.c:115:13: warning: 'vTimerCallback' defined but not used [-Wunused-function]
 static void vTimerCallback( TimerHandle_t pxTimer )
             ^~~~~~~~~~~~~~
Finished building: ../src/main.c
 
Building target: smart_toilet_system_sw.elf
Invoking: ARM v7 gcc linker
arm-none-eabi-gcc -mcpu=cortex-a9 -mfpu=vfpv3 -mfloat-abi=hard -Wl,-build-id=none -specs=Xilinx.spec -Wl,-T -Wl,../src/lscript.ld -L../../smart_toilet_system_sw_bsp/ps7_cortexa9_0/lib -o "smart_toilet_system_sw.elf"  ./src/sequence/oled.o ./src/sequence/smart_toilet_system_regs.o  ./src/main.o   -Wl,--start-group,-lxil,-lfreertos,-lgcc,-lc,--end-group
Finished building target: smart_toilet_system_sw.elf
 
Invoking: ARM v7 Print Size
arm-none-eabi-size smart_toilet_system_sw.elf  |tee "smart_toilet_system_sw.elf.size"
   text	   data	    bss	    dec	    hex	filename
  90940	   4180	  89440	 184560	  2d0f0	smart_toilet_system_sw.elf
Finished building: smart_toilet_system_sw.elf.size
 
15:18:51 **** Incremental Build of configuration Debug for project smart_toilet_system_sw ****
make pre-build main-build 
a9-linaro-pre-build-step
 
make: Nothing to be done for `main-build'.
15:19:19 **** Auto Build of configuration Debug for project smart_toilet_system_sw ****
make pre-build main-build 
a9-linaro-pre-build-step
 
Building file: ../src/main.c
Invoking: ARM v7 gcc compiler
arm-none-eabi-gcc -Wall -O0 -g3 -c -fmessage-length=0 -MT"src/main.o" -mcpu=cortex-a9 -mfpu=vfpv3 -mfloat-abi=hard -I../../smart_toilet_system_sw_bsp/ps7_cortexa9_0/include -MMD -MP -MF"src/main.d" -MT"src/main.o" -o "src/main.o" "../src/main.c"
../src/main.c:115:13: warning: 'vTimerCallback' defined but not used [-Wunused-function]
 static void vTimerCallback( TimerHandle_t pxTimer )
             ^~~~~~~~~~~~~~
Finished building: ../src/main.c
 
Building target: smart_toilet_system_sw.elf
Invoking: ARM v7 gcc linker
arm-none-eabi-gcc -mcpu=cortex-a9 -mfpu=vfpv3 -mfloat-abi=hard -Wl,-build-id=none -specs=Xilinx.spec -Wl,-T -Wl,../src/lscript.ld -L../../smart_toilet_system_sw_bsp/ps7_cortexa9_0/lib -o "smart_toilet_system_sw.elf"  ./src/sequence/oled.o ./src/sequence/smart_toilet_system_regs.o  ./src/main.o   -Wl,--start-group,-lxil,-lfreertos,-lgcc,-lc,--end-group
Finished building target: smart_toilet_system_sw.elf
 
Invoking: ARM v7 Print Size
arm-none-eabi-size smart_toilet_system_sw.elf  |tee "smart_toilet_system_sw.elf.size"
   text	   data	    bss	    dec	    hex	filename
  91076	   4180	  89440	 184696	  2d178	smart_toilet_system_sw.elf
Finished building: smart_toilet_system_sw.elf.size
 
15:19:20 **** Auto Build of configuration Debug for project smart_toilet_system_sw ****
make pre-build main-build 
a9-linaro-pre-build-step
 
Building file: ../src/main.c
Invoking: ARM v7 gcc compiler
arm-none-eabi-gcc -Wall -O0 -g3 -c -fmessage-length=0 -MT"src/main.o" -mcpu=cortex-a9 -mfpu=vfpv3 -mfloat-abi=hard -I../../smart_toilet_system_sw_bsp/ps7_cortexa9_0/include -MMD -MP -MF"src/main.d" -MT"src/main.o" -o "src/main.o" "../src/main.c"
../src/main.c:115:13: warning: 'vTimerCallback' defined but not used [-Wunused-function]
 static void vTimerCallback( TimerHandle_t pxTimer )
             ^~~~~~~~~~~~~~
Finished building: ../src/main.c
 
Building target: smart_toilet_system_sw.elf
Invoking: ARM v7 gcc linker
arm-none-eabi-gcc -mcpu=cortex-a9 -mfpu=vfpv3 -mfloat-abi=hard -Wl,-build-id=none -specs=Xilinx.spec -Wl,-T -Wl,../src/lscript.ld -L../../smart_toilet_system_sw_bsp/ps7_cortexa9_0/lib -o "smart_toilet_system_sw.elf"  ./src/sequence/oled.o ./src/sequence/smart_toilet_system_regs.o  ./src/main.o   -Wl,--start-group,-lxil,-lfreertos,-lgcc,-lc,--end-group
Finished building target: smart_toilet_system_sw.elf
 
Invoking: ARM v7 Print Size
arm-none-eabi-size smart_toilet_system_sw.elf  |tee "smart_toilet_system_sw.elf.size"
   text	   data	    bss	    dec	    hex	filename
  91076	   4180	  89440	 184696	  2d178	smart_toilet_system_sw.elf
Finished building: smart_toilet_system_sw.elf.size
 
15:19:22 **** Incremental Build of configuration Debug for project smart_toilet_system_sw ****
make pre-build main-build 
a9-linaro-pre-build-step
 
make: Nothing to be done for `main-build'.
15:19:46 **** Auto Build of configuration Debug for project smart_toilet_system_sw ****
make pre-build main-build 
a9-linaro-pre-build-step
 
Building file: ../src/main.c
Invoking: ARM v7 gcc compiler
arm-none-eabi-gcc -Wall -O0 -g3 -c -fmessage-length=0 -MT"src/main.o" -mcpu=cortex-a9 -mfpu=vfpv3 -mfloat-abi=hard -I../../smart_toilet_system_sw_bsp/ps7_cortexa9_0/include -MMD -MP -MF"src/main.d" -MT"src/main.o" -o "src/main.o" "../src/main.c"
../src/main.c:115:13: warning: 'vTimerCallback' defined but not used [-Wunused-function]
 static void vTimerCallback( TimerHandle_t pxTimer )
             ^~~~~~~~~~~~~~
Finished building: ../src/main.c
 
Building target: smart_toilet_system_sw.elf
Invoking: ARM v7 gcc linker
arm-none-eabi-gcc -mcpu=cortex-a9 -mfpu=vfpv3 -mfloat-abi=hard -Wl,-build-id=none -specs=Xilinx.spec -Wl,-T -Wl,../src/lscript.ld -L../../smart_toilet_system_sw_bsp/ps7_cortexa9_0/lib -o "smart_toilet_system_sw.elf"  ./src/sequence/oled.o ./src/sequence/smart_toilet_system_regs.o  ./src/main.o   -Wl,--start-group,-lxil,-lfreertos,-lgcc,-lc,--end-group
Finished building target: smart_toilet_system_sw.elf
 
Invoking: ARM v7 Print Size
arm-none-eabi-size smart_toilet_system_sw.elf  |tee "smart_toilet_system_sw.elf.size"
   text	   data	    bss	    dec	    hex	filename
  90940	   4180	  89440	 184560	  2d0f0	smart_toilet_system_sw.elf
Finished building: smart_toilet_system_sw.elf.size
 
15:19:47 **** Incremental Build of configuration Debug for project smart_toilet_system_sw ****
make pre-build main-build 
a9-linaro-pre-build-step
 
make: Nothing to be done for `main-build'.
15:20:30 **** Auto Build of configuration Debug for project smart_toilet_system_sw ****
make pre-build main-build 
a9-linaro-pre-build-step
 
Building file: ../src/main.c
Invoking: ARM v7 gcc compiler
arm-none-eabi-gcc -Wall -O0 -g3 -c -fmessage-length=0 -MT"src/main.o" -mcpu=cortex-a9 -mfpu=vfpv3 -mfloat-abi=hard -I../../smart_toilet_system_sw_bsp/ps7_cortexa9_0/include -MMD -MP -MF"src/main.d" -MT"src/main.o" -o "src/main.o" "../src/main.c"
../src/main.c:115:13: warning: 'vTimerCallback' defined but not used [-Wunused-function]
 static void vTimerCallback( TimerHandle_t pxTimer )
             ^~~~~~~~~~~~~~
Finished building: ../src/main.c
 
Building target: smart_toilet_system_sw.elf
Invoking: ARM v7 gcc linker
arm-none-eabi-gcc -mcpu=cortex-a9 -mfpu=vfpv3 -mfloat-abi=hard -Wl,-build-id=none -specs=Xilinx.spec -Wl,-T -Wl,../src/lscript.ld -L../../smart_toilet_system_sw_bsp/ps7_cortexa9_0/lib -o "smart_toilet_system_sw.elf"  ./src/sequence/oled.o ./src/sequence/smart_toilet_system_regs.o  ./src/main.o   -Wl,--start-group,-lxil,-lfreertos,-lgcc,-lc,--end-group
Finished building target: smart_toilet_system_sw.elf
 
Invoking: ARM v7 Print Size
arm-none-eabi-size smart_toilet_system_sw.elf  |tee "smart_toilet_system_sw.elf.size"
   text	   data	    bss	    dec	    hex	filename
  91076	   4180	  89440	 184696	  2d178	smart_toilet_system_sw.elf
Finished building: smart_toilet_system_sw.elf.size
 
15:20:31 **** Incremental Build of configuration Debug for project smart_toilet_system_sw ****
make pre-build main-build 
a9-linaro-pre-build-step
 
make: Nothing to be done for `main-build'.
15:22:21 **** Incremental Build of configuration Debug for project smart_toilet_system_sw ****
make pre-build main-build 
a9-linaro-pre-build-step
 
Building file: ../src/main.c
Invoking: ARM v7 gcc compiler
arm-none-eabi-gcc -Wall -O0 -g3 -c -fmessage-length=0 -MT"src/main.o" -mcpu=cortex-a9 -mfpu=vfpv3 -mfloat-abi=hard -I../../smart_toilet_system_sw_bsp/ps7_cortexa9_0/include -MMD -MP -MF"src/main.d" -MT"src/main.o" -o "src/main.o" "../src/main.c"
../src/main.c:115:13: warning: 'vTimerCallback' defined but not used [-Wunused-function]
 static void vTimerCallback( TimerHandle_t pxTimer )
             ^~~~~~~~~~~~~~
Finished building: ../src/main.c
 
Building target: smart_toilet_system_sw.elf
Invoking: ARM v7 gcc linker
arm-none-eabi-gcc -mcpu=cortex-a9 -mfpu=vfpv3 -mfloat-abi=hard -Wl,-build-id=none -specs=Xilinx.spec -Wl,-T -Wl,../src/lscript.ld -L../../smart_toilet_system_sw_bsp/ps7_cortexa9_0/lib -o "smart_toilet_system_sw.elf"  ./src/sequence/oled.o ./src/sequence/smart_toilet_system_regs.o  ./src/main.o   -Wl,--start-group,-lxil,-lfreertos,-lgcc,-lc,--end-group
Finished building target: smart_toilet_system_sw.elf
 
Invoking: ARM v7 Print Size
arm-none-eabi-size smart_toilet_system_sw.elf  |tee "smart_toilet_system_sw.elf.size"
   text	   data	    bss	    dec	    hex	filename
  91076	   4180	  89440	 184696	  2d178	smart_toilet_system_sw.elf
Finished building: smart_toilet_system_sw.elf.size
 
15:33:57 **** Auto Build of configuration Debug for project smart_toilet_system_sw ****
make pre-build main-build 
a9-linaro-pre-build-step
 
Building file: ../src/main.c
Invoking: ARM v7 gcc compiler
arm-none-eabi-gcc -Wall -O0 -g3 -c -fmessage-length=0 -MT"src/main.o" -mcpu=cortex-a9 -mfpu=vfpv3 -mfloat-abi=hard -I../../smart_toilet_system_sw_bsp/ps7_cortexa9_0/include -MMD -MP -MF"src/main.d" -MT"src/main.o" -o "src/main.o" "../src/main.c"
../src/main.c:115:13: warning: 'vTimerCallback' defined but not used [-Wunused-function]
 static void vTimerCallback( TimerHandle_t pxTimer )
             ^~~~~~~~~~~~~~
Finished building: ../src/main.c
 
[...]
  90892	   4184	  89440	 184516	  2d0c4	smart_toilet_system_sw.elf
Finished building: smart_toilet_system_sw.elf.size
 
15:36:33 **** Auto Build of configuration Debug for project smart_toilet_system_sw ****
make pre-build main-build 
a9-linaro-pre-build-step
 
Building file: ../src/main.c
Invoking: ARM v7 gcc compiler
arm-none-eabi-gcc -Wall -O0 -g3 -c -fmessage-length=0 -MT"src/main.o" -mcpu=cortex-a9 -mfpu=vfpv3 -mfloat-abi=hard -I../../smart_toilet_system_sw_bsp/ps7_cortexa9_0/include -MMD -MP -MF"src/main.d" -MT"src/main.o" -o "src/main.o" "../src/main.c"
../src/main.c: In function 'main':
../src/main.c:42:14: error: 'ReadTask' undeclared (first use in this function); did you mean 'xRxTask'?
  xTaskCreate(ReadTask,      /* The function that implements the task. */
              ^~~~~~~~
              xRxTask
../src/main.c:42:14: note: each undeclared identifier is reported only once for each function it appears in
../src/main.c:49:15: error: 'WriteTask' undeclared (first use in this function); did you mean 'prvRxTask'?
  xTaskCreate( WriteTask,
               ^~~~~~~~~
               prvRxTask
At top level:
../src/main.c:94:13: warning: 'prvRxTask' defined but not used [-Wunused-function]
 static void prvRxTask( void *pvParameters )
             ^~~~~~~~~
../src/main.c:63:13: warning: 'prvTxTask' defined but not used [-Wunused-function]
 static void prvTxTask( void *pvParameters )
             ^~~~~~~~~
make: *** [src/main.o] Error 1
15:36:54 **** Auto Build of configuration Debug for project smart_toilet_system_sw ****
make pre-build main-build 
a9-linaro-pre-build-step
 
Building file: ../src/main.c
Invoking: ARM v7 gcc compiler
arm-none-eabi-gcc -Wall -O0 -g3 -c -fmessage-length=0 -MT"src/main.o" -mcpu=cortex-a9 -mfpu=vfpv3 -mfloat-abi=hard -I../../smart_toilet_system_sw_bsp/ps7_cortexa9_0/include -MMD -MP -MF"src/main.d" -MT"src/main.o" -o "src/main.o" "../src/main.c"
../src/main.c: In function 'main':
../src/main.c:42:14: error: 'ReadTask' undeclared (first use in this function); did you mean 'xRxTask'?
  xTaskCreate(ReadTask,      /* The function that implements the task. */
              ^~~~~~~~
              xRxTask
../src/main.c:42:14: note: each undeclared identifier is reported only once for each function it appears in
../src/main.c:49:15: error: 'WriteTask' undeclared (first use in this function); did you mean 'prvRxTask'?
  xTaskCreate( WriteTask,
               ^~~~~~~~~
               prvRxTask
../src/main.c: At top level:
../src/main.c:25:13: warning: 'prvTxTask' declared 'static' but never defined [-Wunused-function]
 static void prvTxTask( void *pvParameters );
             ^~~~~~~~~
../src/main.c:26:13: warning: 'prvRxTask' declared 'static' but never defined [-Wunused-function]
 static void prvRxTask( void *pvParameters );
             ^~~~~~~~~
../src/main.c:94:13: warning: 'WriteTask' defined but not used [-Wunused-function]
 static void WriteTask( void *pvParameters )
             ^~~~~~~~~
../src/main.c:63:13: warning: 'ReadTask' defined but not used [-Wunused-function]
 static void ReadTask( void *pvParameters )
             ^~~~~~~~
make: *** [src/main.o] Error 1
15:37:16 **** Auto Build of configuration Debug for project smart_toilet_system_sw ****
make pre-build main-build 
a9-linaro-pre-build-step
 
Building file: ../src/main.c
Invoking: ARM v7 gcc compiler
arm-none-eabi-gcc -Wall -O0 -g3 -c -fmessage-length=0 -MT"src/main.o" -mcpu=cortex-a9 -mfpu=vfpv3 -mfloat-abi=hard -I../../smart_toilet_system_sw_bsp/ps7_cortexa9_0/include -MMD -MP -MF"src/main.d" -MT"src/main.o" -o "src/main.o" "../src/main.c"
Finished building: ../src/main.c
 
Building target: smart_toilet_system_sw.elf
Invoking: ARM v7 gcc linker
arm-none-eabi-gcc -mcpu=cortex-a9 -mfpu=vfpv3 -mfloat-abi=hard -Wl,-build-id=none -specs=Xilinx.spec -Wl,-T -Wl,../src/lscript.ld -L../../smart_toilet_system_sw_bsp/ps7_cortexa9_0/lib -o "smart_toilet_system_sw.elf"  ./src/sequence/oled.o ./src/sequence/smart_toilet_system_regs.o  ./src/main.o   -Wl,--start-group,-lxil,-lfreertos,-lgcc,-lc,--end-group
Finished building target: smart_toilet_system_sw.elf
 
Invoking: ARM v7 Print Size
arm-none-eabi-size smart_toilet_system_sw.elf  |tee "smart_toilet_system_sw.elf.size"
   text	   data	    bss	    dec	    hex	filename
  90892	   4184	  89440	 184516	  2d0c4	smart_toilet_system_sw.elf
Finished building: smart_toilet_system_sw.elf.size
 
15:38:09 **** Auto Build of configuration Debug for project smart_toilet_system_sw ****
make pre-build main-build 
a9-linaro-pre-build-step
 
Building file: ../src/main.c
Invoking: ARM v7 gcc compiler
arm-none-eabi-gcc -Wall -O0 -g3 -c -fmessage-length=0 -MT"src/main.o" -mcpu=cortex-a9 -mfpu=vfpv3 -mfloat-abi=hard -I../../smart_toilet_system_sw_bsp/ps7_cortexa9_0/include -MMD -MP -MF"src/main.d" -MT"src/main.o" -o "src/main.o" "../src/main.c"
../src/main.c:35:21: error: 'ReadTask' redeclared as different kind of symbol
 static TaskHandle_t ReadTask;
                     ^~~~~~~~
../src/main.c:25:13: note: previous declaration of 'ReadTask' was here
 static void ReadTask( void *pvParameters );
             ^~~~~~~~
../src/main.c:36:21: error: 'WriteTask' redeclared as different kind of symbol
 static TaskHandle_t WriteTask;
                     ^~~~~~~~~
../src/main.c:26:13: note: previous declaration of 'WriteTask' was here
 static void WriteTask( void *pvParameters );
             ^~~~~~~~~
../src/main.c: In function 'main':
../src/main.c:47:6: error: 'xTxTask' undeclared (first use in this function); did you mean 'ReadTask'?
     &xTxTask     );
      ^~~~~~~
      ReadTask
../src/main.c:47:6: note: each undeclared identifier is reported only once for each function it appears in
../src/main.c:54:7: error: 'xRxTask' undeclared (first use in this function); did you mean 'xTxTask'?
      &xRxTask );
       ^~~~~~~
       xTxTask
../src/main.c: At top level:
../src/main.c:63:13: error: 'ReadTask' redeclared as different kind of symbol
 static void ReadTask( void *pvParameters )
             ^~~~~~~~
../src/main.c:35:21: note: previous declaration of 'ReadTask' was here
 static TaskHandle_t ReadTask;
                     ^~~~~~~~
../src/main.c:94:13: error: 'WriteTask' redeclared as different kind of symbol
 static void WriteTask( void *pvParameters )
             ^~~~~~~~~
../src/main.c:36:21: note: previous declaration of 'WriteTask' was here
 static TaskHandle_t WriteTask;
                     ^~~~~~~~~
../src/main.c:94:13: warning: 'WriteTask' defined but not used [-Wunused-function]
 static void WriteTask( void *pvParameters )
             ^~~~~~~~~
../src/main.c:63:13: warning: 'ReadTask' defined but not used [-Wunused-function]
 static void ReadTask( void *pvParameters )
             ^~~~~~~~
make: *** [src/main.o] Error 1
15:38:27 **** Auto Build of configuration Debug for project smart_toilet_system_sw ****
make pre-build main-build 
a9-linaro-pre-build-step
 
Building file: ../src/main.c
Invoking: ARM v7 gcc compiler
arm-none-eabi-gcc -Wall -O0 -g3 -c -fmessage-length=0 -MT"src/main.o" -mcpu=cortex-a9 -mfpu=vfpv3 -mfloat-abi=hard -I../../smart_toilet_system_sw_bsp/ps7_cortexa9_0/include -MMD -MP -MF"src/main.d" -MT"src/main.o" -o "src/main.o" "../src/main.c"
../src/main.c:35:21: error: 'ReadTask' redeclared as different kind of symbol
 static TaskHandle_t ReadTask;
                     ^~~~~~~~
../src/main.c:25:13: note: previous declaration of 'ReadTask' was here
 static void ReadTask( void *pvParameters );
             ^~~~~~~~
../src/main.c:36:21: error: 'WriteTask' redeclared as different kind of symbol
 static TaskHandle_t WriteTask;
                     ^~~~~~~~~
../src/main.c:26:13: note: previous declaration of 'WriteTask' was here
 static void WriteTask( void *pvParameters );
             ^~~~~~~~~
../src/main.c: In function 'main':
../src/main.c:54:7: error: 'xRxTask' undeclared (first use in this function); did you mean 'ReadTask'?
      &xRxTask );
       ^~~~~~~
       ReadTask
../src/main.c:54:7: note: each undeclared identifier is reported only once for each function it appears in
../src/main.c: At top level:
../src/main.c:63:13: error: 'ReadTask' redeclared as different kind of symbol
 static void ReadTask( void *pvParameters )
             ^~~~~~~~
../src/main.c:35:21: note: previous declaration of 'ReadTask' was here
 static TaskHandle_t ReadTask;
                     ^~~~~~~~
../src/main.c:94:13: error: 'WriteTask' redeclared as different kind of symbol
 static void WriteTask( void *pvParameters )
             ^~~~~~~~~
../src/main.c:36:21: note: previous declaration of 'WriteTask' was here
 static TaskHandle_t WriteTask;
                     ^~~~~~~~~
../src/main.c:94:13: warning: 'WriteTask' defined but not used [-Wunused-function]
 static void WriteTask( void *pvParameters )
             ^~~~~~~~~
../src/main.c:63:13: warning: 'ReadTask' defined but not used [-Wunused-function]
 static void ReadTask( void *pvParameters )
             ^~~~~~~~
make: *** [src/main.o] Error 1
15:38:57 **** Auto Build of configuration Debug for project smart_toilet_system_sw ****
make pre-build main-build 
a9-linaro-pre-build-step
 
Building file: ../src/main.c
Invoking: ARM v7 gcc compiler
arm-none-eabi-gcc -Wall -O0 -g3 -c -fmessage-length=0 -MT"src/main.o" -mcpu=cortex-a9 -mfpu=vfpv3 -mfloat-abi=hard -I../../smart_toilet_system_sw_bsp/ps7_cortexa9_0/include -MMD -MP -MF"src/main.d" -MT"src/main.o" -o "src/main.o" "../src/main.c"
../src/main.c: In function 'main':
../src/main.c:47:6: error: 'xTxTask' undeclared (first use in this function); did you mean 'xReadTask'?
     &xTxTask     );
      ^~~~~~~
      xReadTask
../src/main.c:47:6: note: each undeclared identifier is reported only once for each function it appears in
../src/main.c:54:7: error: 'xRxTask' undeclared (first use in this function); did you mean 'xTxTask'?
      &xRxTask );
       ^~~~~~~
       xTxTask
At top level:
../src/main.c:36:21: warning: 'xWrtiteTask' defined but not used [-Wunused-variable]
 static TaskHandle_t xWrtiteTask;
                     ^~~~~~~~~~~
../src/main.c:35:21: warning: 'xReadTask' defined but not used [-Wunused-variable]
 static TaskHandle_t xReadTask  ;
                     ^~~~~~~~~
make: *** [src/main.o] Error 1
15:39:09 **** Auto Build of configuration Debug for project smart_toilet_system_sw ****
make pre-build main-build 
a9-linaro-pre-build-step
 
Building file: ../src/main.c
Invoking: ARM v7 gcc compiler
arm-none-eabi-gcc -Wall -O0 -g3 -c -fmessage-length=0 -MT"src/main.o" -mcpu=cortex-a9 -mfpu=vfpv3 -mfloat-abi=hard -I../../smart_toilet_system_sw_bsp/ps7_cortexa9_0/include -MMD -MP -MF"src/main.d" -MT"src/main.o" -o "src/main.o" "../src/main.c"
../src/main.c: In function 'main':
../src/main.c:54:7: error: 'xRxTask' undeclared (first use in this function); did you mean 'xReadTask'?
      &xRxTask );
       ^~~~~~~
       xReadTask
../src/main.c:54:7: note: each undeclared identifier is reported only once for each function it appears in
At top level:
../src/main.c:36:21: warning: 'xWrtiteTask' defined but not used [-Wunused-variable]
 static TaskHandle_t xWrtiteTask;
                     ^~~~~~~~~~~
make: *** [src/main.o] Error 1
15:39:48 **** Auto Build of configuration Debug for project smart_toilet_system_sw ****
make pre-build main-build 
a9-linaro-pre-build-step
 
Building file: ../src/main.c
Invoking: ARM v7 gcc compiler
arm-none-eabi-gcc -Wall -O0 -g3 -c -fmessage-length=0 -MT"src/main.o" -mcpu=cortex-a9 -mfpu=vfpv3 -mfloat-abi=hard -I../../smart_toilet_system_sw_bsp/ps7_cortexa9_0/include -MMD -MP -MF"src/main.d" -MT"src/main.o" -o "src/main.o" "../src/main.c"
../src/main.c: In function 'main':
../src/main.c:54:6: error: 'xWriteTask' undeclared (first use in this function); did you mean 'xWrtiteTask'?
     &xWriteTask    );
      ^~~~~~~~~~
      xWrtiteTask
../src/main.c:54:6: note: each undeclared identifier is reported only once for each function it appears in
At top level:
../src/main.c:36:21: warning: 'xWrtiteTask' defined but not used [-Wunused-variable]
 static TaskHandle_t xWrtiteTask;
                     ^~~~~~~~~~~
make: *** [src/main.o] Error 1
15:39:55 **** Auto Build of configuration Debug for project smart_toilet_system_sw ****
make pre-build main-build 
a9-linaro-pre-build-step
 
Building file: ../src/main.c
Invoking: ARM v7 gcc compiler
arm-none-eabi-gcc -Wall -O0 -g3 -c -fmessage-length=0 -MT"src/main.o" -mcpu=cortex-a9 -mfpu=vfpv3 -mfloat-abi=hard -I../../smart_toilet_system_sw_bsp/ps7_cortexa9_0/include -MMD -MP -MF"src/main.d" -MT"src/main.o" -o "src/main.o" "../src/main.c"
Finished building: ../src/main.c
 
Building target: smart_toilet_system_sw.elf
Invoking: ARM v7 gcc linker
arm-none-eabi-gcc -mcpu=cortex-a9 -mfpu=vfpv3 -mfloat-abi=hard -Wl,-build-id=none -specs=Xilinx.spec -Wl,-T -Wl,../src/lscript.ld -L../../smart_toilet_system_sw_bsp/ps7_cortexa9_0/lib -o "smart_toilet_system_sw.elf"  ./src/sequence/oled.o ./src/sequence/smart_toilet_system_regs.o  ./src/main.o   -Wl,--start-group,-lxil,-lfreertos,-lgcc,-lc,--end-group
Finished building target: smart_toilet_system_sw.elf
 
Invoking: ARM v7 Print Size
arm-none-eabi-size smart_toilet_system_sw.elf  |tee "smart_toilet_system_sw.elf.size"
   text	   data	    bss	    dec	    hex	filename
  90900	   4184	  89440	 184524	  2d0cc	smart_toilet_system_sw.elf
Finished building: smart_toilet_system_sw.elf.size
 
15:40:00 **** Incremental Build of configuration Debug for project smart_toilet_system_sw ****
make pre-build main-build 
a9-linaro-pre-build-step
 
make: Nothing to be done for `main-build'.
15:52:59 **** Auto Build of configuration Debug for project smart_toilet_system_sw ****
make pre-build main-build 
a9-linaro-pre-build-step
 
Building file: ../src/main.c
Invoking: ARM v7 gcc compiler
arm-none-eabi-gcc -Wall -O0 -g3 -c -fmessage-length=0 -MT"src/main.o" -mcpu=cortex-a9 -mfpu=vfpv3 -mfloat-abi=hard -I../../smart_toilet_system_sw_bsp/ps7_cortexa9_0/include -MMD -MP -MF"src/main.d" -MT"src/main.o" -o "src/main.o" "../src/main.c"
Finished building: ../src/main.c
 
Building target: smart_toilet_system_sw.elf
Invoking: ARM v7 gcc linker
arm-none-eabi-gcc -mcpu=cortex-a9 -mfpu=vfpv3 -mfloat-abi=hard -Wl,-build-id=none -specs=Xilinx.spec -Wl,-T -Wl,../src/lscript.ld -L../../smart_toilet_system_sw_bsp/ps7_cortexa9_0/lib -o "smart_toilet_system_sw.elf"  ./src/sequence/oled.o ./src/sequence/smart_toilet_system_regs.o  ./src/main.o   -Wl,--start-group,-lxil,-lfreertos,-lgcc,-lc,--end-group
Finished building target: smart_toilet_system_sw.elf
 
Invoking: ARM v7 Print Size
arm-none-eabi-size smart_toilet_system_sw.elf  |tee "smart_toilet_system_sw.elf.size"
   text	   data	    bss	    dec	    hex	filename
  90900	   4184	  89440	 184524	  2d0cc	smart_toilet_system_sw.elf
Finished building: smart_toilet_system_sw.elf.size
 
15:53:24 **** Incremental Build of configuration Debug for project smart_toilet_system_sw ****
make pre-build main-build 
a9-linaro-pre-build-step
 
Building file: ../src/main.c
Invoking: ARM v7 gcc compiler
arm-none-eabi-gcc -Wall -O0 -g3 -c -fmessage-length=0 -MT"src/main.o" -mcpu=cortex-a9 -mfpu=vfpv3 -mfloat-abi=hard -I../../smart_toilet_system_sw_bsp/ps7_cortexa9_0/include -MMD -MP -MF"src/main.d" -MT"src/main.o" -o "src/main.o" "../src/main.c"
Finished building: ../src/main.c
 
Building target: smart_toilet_system_sw.elf
Invoking: ARM v7 gcc linker
arm-none-eabi-gcc -mcpu=cortex-a9 -mfpu=vfpv3 -mfloat-abi=hard -Wl,-build-id=none -specs=Xilinx.spec -Wl,-T -Wl,../src/lscript.ld -L../../smart_toilet_system_sw_bsp/ps7_cortexa9_0/lib -o "smart_toilet_system_sw.elf"  ./src/sequence/oled.o ./src/sequence/smart_toilet_system_regs.o  ./src/main.o   -Wl,--start-group,-lxil,-lfreertos,-lgcc,-lc,--end-group
Finished building target: smart_toilet_system_sw.elf
 
Invoking: ARM v7 Print Size
arm-none-eabi-size smart_toilet_system_sw.elf  |tee "smart_toilet_system_sw.elf.size"
   text	   data	    bss	    dec	    hex	filename
  90900	   4184	  89440	 184524	  2d0cc	smart_toilet_system_sw.elf
Finished building: smart_toilet_system_sw.elf.size
 
16:00:26 **** Auto Build of configuration Debug for project smart_toilet_system_sw ****
make pre-build main-build 
a9-linaro-pre-build-step
 
Building file: ../src/main.c
Invoking: ARM v7 gcc compiler
arm-none-eabi-gcc -Wall -O0 -g3 -c -fmessage-length=0 -MT"src/main.o" -mcpu=cortex-a9 -mfpu=vfpv3 -mfloat-abi=hard -I../../smart_toilet_system_sw_bsp/ps7_cortexa9_0/include -MMD -MP -MF"src/main.d" -MT"src/main.o" -o "src/main.o" "../src/main.c"
Finished building: ../src/main.c
 
Building target: smart_toilet_system_sw.elf
Invoking: ARM v7 gcc linker
arm-none-eabi-gcc -mcpu=cortex-a9 -mfpu=vfpv3 -mfloat-abi=hard -Wl,-build-id=none -specs=Xilinx.spec -Wl,-T -Wl,../src/lscript.ld -L../../smart_toilet_system_sw_bsp/ps7_cortexa9_0/lib -o "smart_toilet_system_sw.elf"  ./src/sequence/oled.o ./src/sequence/smart_toilet_system_regs.o  ./src/main.o   -Wl,--start-group,-lxil,-lfreertos,-lgcc,-lc,--end-group
Finished building target: smart_toilet_system_sw.elf
 
Invoking: ARM v7 Print Size
arm-none-eabi-size smart_toilet_system_sw.elf  |tee "smart_toilet_system_sw.elf.size"
   text	   data	    bss	    dec	    hex	filename
  90980	   4184	  89440	 184604	  2d11c	smart_toilet_system_sw.elf
Finished building: smart_toilet_system_sw.elf.size
 
16:00:29 **** Incremental Build of configuration Debug for project smart_toilet_system_sw ****
make pre-build main-build 
a9-linaro-pre-build-step
 
make: Nothing to be done for `main-build'.
16:05:27 **** Incremental Build of configuration Debug for project smart_toilet_system_sw ****
make pre-build main-build 
a9-linaro-pre-build-step
 
Building file: ../src/main.c
Invoking: ARM v7 gcc compiler
arm-none-eabi-gcc -Wall -O0 -g3 -c -fmessage-length=0 -MT"src/main.o" -mcpu=cortex-a9 -mfpu=vfpv3 -mfloat-abi=hard -I../../smart_toilet_system_sw_bsp/ps7_cortexa9_0/include -MMD -MP -MF"src/main.d" -MT"src/main.o" -o "src/main.o" "../src/main.c"
Finished building: ../src/main.c
 
Building target: smart_toilet_system_sw.elf
Invoking: ARM v7 gcc linker
arm-none-eabi-gcc -mcpu=cortex-a9 -mfpu=vfpv3 -mfloat-abi=hard -Wl,-build-id=none -specs=Xilinx.spec -Wl,-T -Wl,../src/lscript.ld -L../../smart_toilet_system_sw_bsp/ps7_cortexa9_0/lib -o "smart_toilet_system_sw.elf"  ./src/sequence/oled.o ./src/sequence/smart_toilet_system_regs.o  ./src/main.o   -Wl,--start-group,-lxil,-lfreertos,-lgcc,-lc,--end-group
Finished building target: smart_toilet_system_sw.elf
 
Invoking: ARM v7 Print Size
arm-none-eabi-size smart_toilet_system_sw.elf  |tee "smart_toilet_system_sw.elf.size"
   text	   data	    bss	    dec	    hex	filename
  90980	   4184	  89440	 184604	  2d11c	smart_toilet_system_sw.elf
Finished building: smart_toilet_system_sw.elf.size
 
16:07:05 **** Incremental Build of configuration Debug for project smart_toilet_system_sw ****
make pre-build main-build 
a9-linaro-pre-build-step
 
Building file: ../src/main.c
Invoking: ARM v7 gcc compiler
arm-none-eabi-gcc -Wall -O0 -g3 -c -fmessage-length=0 -MT"src/main.o" -mcpu=cortex-a9 -mfpu=vfpv3 -mfloat-abi=hard -I../../smart_toilet_system_sw_bsp/ps7_cortexa9_0/include -MMD -MP -MF"src/main.d" -MT"src/main.o" -o "src/main.o" "../src/main.c"
Finished building: ../src/main.c
 
Building target: smart_toilet_system_sw.elf
Invoking: ARM v7 gcc linker
arm-none-eabi-gcc -mcpu=cortex-a9 -mfpu=vfpv3 -mfloat-abi=hard -Wl,-build-id=none -specs=Xilinx.spec -Wl,-T -Wl,../src/lscript.ld -L../../smart_toilet_system_sw_bsp/ps7_cortexa9_0/lib -o "smart_toilet_system_sw.elf"  ./src/sequence/oled.o ./src/sequence/smart_toilet_system_regs.o  ./src/main.o   -Wl,--start-group,-lxil,-lfreertos,-lgcc,-lc,--end-group
Finished building target: smart_toilet_system_sw.elf
 
Invoking: ARM v7 Print Size
arm-none-eabi-size smart_toilet_system_sw.elf  |tee "smart_toilet_system_sw.elf.size"
   text	   data	    bss	    dec	    hex	filename
  90980	   4184	  89440	 184604	  2d11c	smart_toilet_system_sw.elf
Finished building: smart_toilet_system_sw.elf.size
 
