16:07:05 **** Incremental Build of configuration Debug for project smart_toilet_system_sw ****
make pre-build main-build 
a9-linaro-pre-build-step
 
Building file: ../src/main.c
Invoking: ARM v7 gcc compiler
arm-none-eabi-gcc -Wall -O0 -g3 -c -fmessage-length=0 -MT"src/main.o" -mcpu=cortex-a9 -mfpu=vfpv3 -mfloat-abi=hard -I../../smart_toilet_system_sw_bsp/ps7_cortexa9_0/include -MMD -MP -MF"src/main.d" -MT"src/main.o" -o "src/main.o" "../src/main.c"
Finished building: ../src/main.c
 
Building target: smart_toilet_system_sw.elf
Invoking: ARM v7 gcc linker
arm-none-eabi-gcc -mcpu=cortex-a9 -mfpu=vfpv3 -mfloat-abi=hard -Wl,-build-id=none -specs=Xilinx.spec -Wl,-T -Wl,../src/lscript.ld -L../../smart_toilet_system_sw_bsp/ps7_cortexa9_0/lib -o "smart_toilet_system_sw.elf"  ./src/sequence/oled.o ./src/sequence/smart_toilet_system_regs.o  ./src/main.o   -Wl,--start-group,-lxil,-lfreertos,-lgcc,-lc,--end-group
Finished building target: smart_toilet_system_sw.elf
 
Invoking: ARM v7 Print Size
arm-none-eabi-size smart_toilet_system_sw.elf  |tee "smart_toilet_system_sw.elf.size"
   text	   data	    bss	    dec	    hex	filename
  90980	   4184	  89440	 184604	  2d11c	smart_toilet_system_sw.elf
Finished building: smart_toilet_system_sw.elf.size
 

16:07:05 Build Finished (took 212ms)

